Component: ARM Compiler 5.06 update 7 (build 960) Tool: armlink [4d3601]

==============================================================================

Section Cross References

    gd32f30x_it.o(i.ADC0_1_IRQHandler) refers to gd32f30x_adc.o(i.adc_interrupt_flag_clear) for adc_interrupt_flag_clear
    gd32f30x_it.o(i.ADC0_1_IRQHandler) refers to gd32f307c_eval.o(i.gd_eval_led_toggle) for gd_eval_led_toggle
    gd32f30x_it.o(i.ADC0_1_IRQHandler) refers to gd32f30x_it.o(.data) for .data
    gd32f30x_it.o(i.EXTI10_15_IRQHandler) refers to gd32f30x_exti.o(i.exti_interrupt_flag_get) for exti_interrupt_flag_get
    gd32f30x_it.o(i.EXTI10_15_IRQHandler) refers to gd32f307c_eval.o(i.gd_eval_led_toggle) for gd_eval_led_toggle
    gd32f30x_it.o(i.EXTI10_15_IRQHandler) refers to main.o(i.Report_Drv8323_FaultInfo) for Report_Drv8323_FaultInfo
    gd32f30x_it.o(i.EXTI10_15_IRQHandler) refers to gd32f30x_exti.o(i.exti_interrupt_flag_clear) for exti_interrupt_flag_clear
    gd32f30x_it.o(i.SysTick_Handler) refers to systick.o(i.delay_decrement) for delay_decrement
    main.o(i.DRV8323_Init_ResultPrint) refers to bsp_drv8323rs.o(i.DRV8323_Init_Device) for DRV8323_Init_Device
    main.o(i.DRV8323_Init_ResultPrint) refers to printfa.o(i.__0printf) for __2printf
    main.o(i.Report_Drv8323_FaultInfo) refers to bsp_drv8323rs.o(i.Drv8323_ReadData) for Drv8323_ReadData
    main.o(i.Report_Drv8323_FaultInfo) refers to printfa.o(i.__0printf) for __2printf
    main.o(i.Report_Drv8323_FaultInfo) refers to bsp_drv8323rs.o(.data) for Drv8323_FaultInfo
    main.o(i.Report_Drv8323_FaultInfo) refers to main.o(.data) for .data
    main.o(i.Report_Drv8323_FaultInfo) refers to bsp_drv8323rs.o(.data) for Current_FaultInfo
    main.o(i.Report_Drv8323_FaultInfo) refers to bsp_drv8323rs.o(.data) for ErrCode
    main.o(i.fputc) refers to gd32f30x_usart.o(i.usart_data_transmit) for usart_data_transmit
    main.o(i.fputc) refers to gd32f30x_usart.o(i.usart_flag_get) for usart_flag_get
    main.o(i.led_spark) refers to gd32f307c_eval.o(i.gd_eval_led_on) for gd_eval_led_on
    main.o(i.led_spark) refers to gd32f307c_eval.o(i.gd_eval_led_off) for gd_eval_led_off
    main.o(i.led_spark) refers to main.o(.data) for .data
    main.o(i.main) refers to systick.o(i.systick_config) for systick_config
    main.o(i.main) refers to gd32f307c_eval.o(i.gd_eval_led_init) for gd_eval_led_init
    main.o(i.main) refers to gd32f307c_eval.o(i.gd_eval_com_init) for gd_eval_com_init
    main.o(i.main) refers to bsp_adcsample.o(i.adc_config) for adc_config
    main.o(i.main) refers to bsp_as5740p.o(i.spi_config) for spi_config
    main.o(i.main) refers to bsp_drv8323rs.o(i.spi1_config) for spi1_config
    main.o(i.main) refers to systick.o(i.delay_1ms) for delay_1ms
    main.o(i.main) refers to bsp_motorpwm.o(i.timer_config) for timer_config
    main.o(i.main) refers to mi_foc.o(i.MI_FOC_initialize) for MI_FOC_initialize
    main.o(i.main) refers to f2d.o(.text) for __aeabi_f2d
    main.o(i.main) refers to printfa.o(i.__0printf) for __2printf
    main.o(i.main) refers to mi_foc.o(.data) for Park_Cur
    main.o(i.main) refers to mi_foc.o(.bss) for SVPWM_OutCmp
    systick.o(i.delay_1ms) refers to systick.o(.data) for .data
    systick.o(i.delay_decrement) refers to systick.o(.data) for .data
    systick.o(i.systick_config) refers to systick.o(i.NVIC_SetPriority) for NVIC_SetPriority
    systick.o(i.systick_config) refers to system_gd32f30x.o(.data) for SystemCoreClock
    system_gd32f30x.o(i.SystemCoreClockUpdate) refers to system_gd32f30x.o(.data) for .data
    system_gd32f30x.o(i.SystemInit) refers to system_gd32f30x.o(i.system_clock_config) for system_clock_config
    system_gd32f30x.o(i.system_clock_config) refers to system_gd32f30x.o(i.system_clock_120m_hxtal) for system_clock_120m_hxtal
    gd32f30x_adc.o(i.adc_deinit) refers to gd32f30x_rcu.o(i.rcu_periph_reset_enable) for rcu_periph_reset_enable
    gd32f30x_adc.o(i.adc_deinit) refers to gd32f30x_rcu.o(i.rcu_periph_reset_disable) for rcu_periph_reset_disable
    gd32f30x_bkp.o(i.bkp_deinit) refers to gd32f30x_rcu.o(i.rcu_bkp_reset_enable) for rcu_bkp_reset_enable
    gd32f30x_bkp.o(i.bkp_deinit) refers to gd32f30x_rcu.o(i.rcu_bkp_reset_disable) for rcu_bkp_reset_disable
    gd32f30x_can.o(i.can_debug_freeze_disable) refers to gd32f30x_dbg.o(i.dbg_periph_enable) for dbg_periph_enable
    gd32f30x_can.o(i.can_debug_freeze_enable) refers to gd32f30x_dbg.o(i.dbg_periph_enable) for dbg_periph_enable
    gd32f30x_can.o(i.can_deinit) refers to gd32f30x_rcu.o(i.rcu_periph_reset_enable) for rcu_periph_reset_enable
    gd32f30x_can.o(i.can_deinit) refers to gd32f30x_rcu.o(i.rcu_periph_reset_disable) for rcu_periph_reset_disable
    gd32f30x_can.o(i.can_interrupt_flag_get) refers to gd32f30x_can.o(i.can_receive_message_length_get) for can_receive_message_length_get
    gd32f30x_can.o(i.can_interrupt_flag_get) refers to gd32f30x_can.o(i.can_error_get) for can_error_get
[...]
    Removing gd32f30x_sdio.o(i.sdio_ceata_command_completion_enable), (16 bytes).
    Removing gd32f30x_sdio.o(i.sdio_ceata_command_disable), (16 bytes).
    Removing gd32f30x_sdio.o(i.sdio_ceata_command_enable), (16 bytes).
    Removing gd32f30x_sdio.o(i.sdio_ceata_interrupt_disable), (16 bytes).
    Removing gd32f30x_sdio.o(i.sdio_ceata_interrupt_enable), (16 bytes).
    Removing gd32f30x_sdio.o(i.sdio_clock_config), (44 bytes).
    Removing gd32f30x_sdio.o(i.sdio_clock_disable), (16 bytes).
    Removing gd32f30x_sdio.o(i.sdio_clock_enable), (16 bytes).
    Removing gd32f30x_sdio.o(i.sdio_command_index_get), (12 bytes).
    Removing gd32f30x_sdio.o(i.sdio_command_response_config), (32 bytes).
    Removing gd32f30x_sdio.o(i.sdio_csm_disable), (16 bytes).
    Removing gd32f30x_sdio.o(i.sdio_csm_enable), (16 bytes).
    Removing gd32f30x_sdio.o(i.sdio_data_config), (44 bytes).
    Removing gd32f30x_sdio.o(i.sdio_data_counter_get), (12 bytes).
    Removing gd32f30x_sdio.o(i.sdio_data_read), (12 bytes).
    Removing gd32f30x_sdio.o(i.sdio_data_transfer_config), (20 bytes).
    Removing gd32f30x_sdio.o(i.sdio_data_write), (12 bytes).
    Removing gd32f30x_sdio.o(i.sdio_deinit), (28 bytes).
    Removing gd32f30x_sdio.o(i.sdio_dma_disable), (16 bytes).
    Removing gd32f30x_sdio.o(i.sdio_dma_enable), (16 bytes).
    Removing gd32f30x_sdio.o(i.sdio_dsm_disable), (16 bytes).
    Removing gd32f30x_sdio.o(i.sdio_dsm_enable), (16 bytes).
    Removing gd32f30x_sdio.o(i.sdio_fifo_counter_get), (12 bytes).
    Removing gd32f30x_sdio.o(i.sdio_flag_clear), (12 bytes).
    Removing gd32f30x_sdio.o(i.sdio_flag_get), (20 bytes).
    Removing gd32f30x_sdio.o(i.sdio_hardware_clock_disable), (16 bytes).
    Removing gd32f30x_sdio.o(i.sdio_hardware_clock_enable), (16 bytes).
    Removing gd32f30x_sdio.o(i.sdio_interrupt_disable), (16 bytes).
    Removing gd32f30x_sdio.o(i.sdio_interrupt_enable), (16 bytes).
    Removing gd32f30x_sdio.o(i.sdio_interrupt_flag_clear), (12 bytes).
    Removing gd32f30x_sdio.o(i.sdio_interrupt_flag_get), (20 bytes).
    Removing gd32f30x_sdio.o(i.sdio_operation_disable), (16 bytes).
    Removing gd32f30x_sdio.o(i.sdio_operation_enable), (16 bytes).
    Removing gd32f30x_sdio.o(i.sdio_power_state_get), (12 bytes).
    Removing gd32f30x_sdio.o(i.sdio_power_state_set), (12 bytes).
    Removing gd32f30x_sdio.o(i.sdio_readwait_disable), (16 bytes).
    Removing gd32f30x_sdio.o(i.sdio_readwait_enable), (16 bytes).
    Removing gd32f30x_sdio.o(i.sdio_readwait_type_set), (32 bytes).
    Removing gd32f30x_sdio.o(i.sdio_response_get), (44 bytes).
    Removing gd32f30x_sdio.o(i.sdio_stop_readwait_disable), (16 bytes).
    Removing gd32f30x_sdio.o(i.sdio_stop_readwait_enable), (16 bytes).
    Removing gd32f30x_sdio.o(i.sdio_suspend_disable), (16 bytes).
    Removing gd32f30x_sdio.o(i.sdio_suspend_enable), (16 bytes).
    Removing gd32f30x_sdio.o(i.sdio_wait_type_set), (24 bytes).
    Removing gd32f30x_spi.o(.rev16_text), (4 bytes).
    Removing gd32f30x_spi.o(.revsh_text), (4 bytes).
    Removing gd32f30x_spi.o(i.i2s_disable), (10 bytes).
    Removing gd32f30x_spi.o(i.i2s_enable), (10 bytes).
    Removing gd32f30x_spi.o(i.i2s_init), (24 bytes).
    Removing gd32f30x_spi.o(i.i2s_psc_config), (128 bytes).
    Removing gd32f30x_spi.o(i.qspi_disable), (12 bytes).
    Removing gd32f30x_spi.o(i.qspi_enable), (12 bytes).
    Removing gd32f30x_spi.o(i.qspi_io23_output_disable), (12 bytes).
    Removing gd32f30x_spi.o(i.qspi_io23_output_enable), (12 bytes).
    Removing gd32f30x_spi.o(i.qspi_read_enable), (12 bytes).
    Removing gd32f30x_spi.o(i.qspi_write_enable), (12 bytes).
    Removing gd32f30x_spi.o(i.spi_bidirectional_transfer_config), (26 bytes).
    Removing gd32f30x_spi.o(i.spi_crc_error_clear), (10 bytes).
    Removing gd32f30x_spi.o(i.spi_crc_get), (16 bytes).
    Removing gd32f30x_spi.o(i.spi_crc_next), (10 bytes).
    Removing gd32f30x_spi.o(i.spi_crc_off), (10 bytes).
    Removing gd32f30x_spi.o(i.spi_crc_on), (10 bytes).
    Removing gd32f30x_spi.o(i.spi_crc_polynomial_get), (6 bytes).
    Removing gd32f30x_spi.o(i.spi_crc_polynomial_set), (12 bytes).
    Removing gd32f30x_spi.o(i.spi_disable), (10 bytes).
    Removing gd32f30x_spi.o(i.spi_dma_disable), (24 bytes).
    Removing gd32f30x_spi.o(i.spi_dma_enable), (24 bytes).
    Removing gd32f30x_spi.o(i.spi_i2s_data_frame_format_config), (16 bytes).
    Removing gd32f30x_spi.o(i.spi_i2s_deinit), (88 bytes).
    Removing gd32f30x_spi.o(i.spi_i2s_interrupt_disable), (42 bytes).
    Removing gd32f30x_spi.o(i.spi_i2s_interrupt_enable), (42 bytes).
    Removing gd32f30x_spi.o(i.spi_i2s_interrupt_flag_get), (100 bytes).
    Removing gd32f30x_spi.o(i.spi_nss_internal_high), (10 bytes).
    Removing gd32f30x_spi.o(i.spi_nss_internal_low), (10 bytes).
    Removing gd32f30x_spi.o(i.spi_nss_output_disable), (10 bytes).
    Removing gd32f30x_spi.o(i.spi_nss_output_enable), (10 bytes).
    Removing gd32f30x_spi.o(i.spi_nssp_mode_disable), (10 bytes).
    Removing gd32f30x_spi.o(i.spi_nssp_mode_enable), (10 bytes).
    Removing gd32f30x_spi.o(i.spi_struct_para_init), (18 bytes).
    Removing gd32f30x_spi.o(i.spi_ti_mode_disable), (10 bytes).
    Removing gd32f30x_spi.o(i.spi_ti_mode_enable), (10 bytes).
    Removing gd32f30x_timer.o(.rev16_text), (4 bytes).
    Removing gd32f30x_timer.o(.revsh_text), (4 bytes).
    Removing gd32f30x_timer.o(i.timer_auto_reload_shadow_disable), (10 bytes).
    Removing gd32f30x_timer.o(i.timer_automatic_output_disable), (10 bytes).
    Removing gd32f30x_timer.o(i.timer_automatic_output_enable), (10 bytes).
    Removing gd32f30x_timer.o(i.timer_autoreload_value_config), (4 bytes).
    Removing gd32f30x_timer.o(i.timer_break_config), (32 bytes).
    Removing gd32f30x_timer.o(i.timer_break_disable), (10 bytes).
    Removing gd32f30x_timer.o(i.timer_break_enable), (10 bytes).
    Removing gd32f30x_timer.o(i.timer_break_struct_para_init), (18 bytes).
    Removing gd32f30x_timer.o(i.timer_channel_capture_value_register_read), (36 bytes).
    Removing gd32f30x_timer.o(i.timer_channel_complementary_output_polarity_config), (64 bytes).
    Removing gd32f30x_timer.o(i.timer_channel_complementary_output_state_config), (64 bytes).
    Removing gd32f30x_timer.o(i.timer_channel_control_shadow_config), (24 bytes).
    Removing gd32f30x_timer.o(i.timer_channel_control_shadow_update_config), (28 bytes).
    Removing gd32f30x_timer.o(i.timer_channel_dma_request_source_select), (28 bytes).
    Removing gd32f30x_timer.o(i.timer_channel_input_capture_prescaler_config), (84 bytes).
    Removing gd32f30x_timer.o(i.timer_channel_input_struct_para_init), (14 bytes).
    Removing gd32f30x_timer.o(i.timer_channel_output_clear_config), (84 bytes).
    Removing gd32f30x_timer.o(i.timer_channel_output_fast_config), (84 bytes).
    Removing gd32f30x_timer.o(i.timer_channel_output_polarity_config), (86 bytes).
    Removing gd32f30x_timer.o(i.timer_channel_output_state_config), (86 bytes).
    Removing gd32f30x_timer.o(i.timer_counter_alignment), (16 bytes).
    Removing gd32f30x_timer.o(i.timer_counter_down_direction), (10 bytes).
    Removing gd32f30x_timer.o(i.timer_counter_read), (4 bytes).
    Removing gd32f30x_timer.o(i.timer_counter_up_direction), (10 bytes).
    Removing gd32f30x_timer.o(i.timer_counter_value_config), (4 bytes).
    Removing gd32f30x_timer.o(i.timer_disable), (10 bytes).
    Removing gd32f30x_timer.o(i.timer_dma_disable), (8 bytes).
    Removing gd32f30x_timer.o(i.timer_dma_enable), (8 bytes).
    Removing gd32f30x_timer.o(i.timer_dma_transfer_config), (22 bytes).
    Removing gd32f30x_timer.o(i.timer_event_software_generate), (8 bytes).
    Removing gd32f30x_timer.o(i.timer_external_clock_mode0_config), (28 bytes).
    Removing gd32f30x_timer.o(i.timer_external_clock_mode1_config), (20 bytes).
    Removing gd32f30x_timer.o(i.timer_external_clock_mode1_disable), (10 bytes).
    Removing gd32f30x_timer.o(i.timer_external_trigger_as_external_clock_config), (160 bytes).
    Removing gd32f30x_timer.o(i.timer_external_trigger_config), (28 bytes).
    Removing gd32f30x_timer.o(i.timer_flag_clear), (6 bytes).
    Removing gd32f30x_timer.o(i.timer_flag_get), (14 bytes).
    Removing gd32f30x_timer.o(i.timer_hall_mode_config), (28 bytes).
    Removing gd32f30x_timer.o(i.timer_input_capture_config), (308 bytes).
    Removing gd32f30x_timer.o(i.timer_input_pwm_capture_config), (346 bytes).
    Removing gd32f30x_timer.o(i.timer_input_trigger_source_select), (16 bytes).
    Removing gd32f30x_timer.o(i.timer_internal_clock_config), (10 bytes).
    Removing gd32f30x_timer.o(i.timer_internal_trigger_as_external_clock_config), (28 bytes).
    Removing gd32f30x_timer.o(i.timer_interrupt_disable), (8 bytes).
    Removing gd32f30x_timer.o(i.timer_interrupt_enable), (8 bytes).
    Removing gd32f30x_timer.o(i.timer_interrupt_flag_clear), (6 bytes).
    Removing gd32f30x_timer.o(i.timer_interrupt_flag_get), (20 bytes).
    Removing gd32f30x_timer.o(i.timer_master_output_trigger_source_select), (16 bytes).
    Removing gd32f30x_timer.o(i.timer_master_slave_mode_config), (28 bytes).
    Removing gd32f30x_timer.o(i.timer_output_value_selection_config), (32 bytes).
    Removing gd32f30x_timer.o(i.timer_prescaler_config), (16 bytes).
    Removing gd32f30x_timer.o(i.timer_prescaler_read), (6 bytes).
    Removing gd32f30x_timer.o(i.timer_quadrature_decoder_mode_config), (64 bytes).
    Removing gd32f30x_timer.o(i.timer_repetition_value_config), (4 bytes).
    Removing gd32f30x_timer.o(i.timer_single_pulse_mode_config), (28 bytes).
    Removing gd32f30x_timer.o(i.timer_slave_mode_select), (16 bytes).
    Removing gd32f30x_timer.o(i.timer_struct_para_init), (20 bytes).
    Removing gd32f30x_timer.o(i.timer_update_event_disable), (10 bytes).
    Removing gd32f30x_timer.o(i.timer_update_event_enable), (10 bytes).
    Removing gd32f30x_timer.o(i.timer_update_source_config), (28 bytes).
    Removing gd32f30x_timer.o(i.timer_write_chxval_register_config), (32 bytes).
    Removing gd32f30x_usart.o(.rev16_text), (4 bytes).
    Removing gd32f30x_usart.o(.revsh_text), (4 bytes).
    Removing gd32f30x_usart.o(i.usart_address_config), (20 bytes).
    Removing gd32f30x_usart.o(i.usart_block_length_config), (20 bytes).
    Removing gd32f30x_usart.o(i.usart_data_first_config), (18 bytes).
    Removing gd32f30x_usart.o(i.usart_data_receive), (8 bytes).
    Removing gd32f30x_usart.o(i.usart_disable), (10 bytes).
    Removing gd32f30x_usart.o(i.usart_dma_receive_config), (12 bytes).
    Removing gd32f30x_usart.o(i.usart_dma_transmit_config), (12 bytes).
    Removing gd32f30x_usart.o(i.usart_flag_clear), (20 bytes).
    Removing gd32f30x_usart.o(i.usart_guard_time_config), (24 bytes).
    Removing gd32f30x_usart.o(i.usart_halfduplex_disable), (10 bytes).
    Removing gd32f30x_usart.o(i.usart_halfduplex_enable), (10 bytes).
    Removing gd32f30x_usart.o(i.usart_hardware_flow_cts_config), (12 bytes).
    Removing gd32f30x_usart.o(i.usart_hardware_flow_rts_config), (12 bytes).
    Removing gd32f30x_usart.o(i.usart_interrupt_disable), (20 bytes).
    Removing gd32f30x_usart.o(i.usart_interrupt_enable), (20 bytes).
    Removing gd32f30x_usart.o(i.usart_interrupt_flag_clear), (20 bytes).
    Removing gd32f30x_usart.o(i.usart_interrupt_flag_get), (50 bytes).
    Removing gd32f30x_usart.o(i.usart_invert_config), (86 bytes).
    Removing gd32f30x_usart.o(i.usart_irda_lowpower_config), (20 bytes).
    Removing gd32f30x_usart.o(i.usart_irda_mode_disable), (10 bytes).
    Removing gd32f30x_usart.o(i.usart_irda_mode_enable), (10 bytes).
    Removing gd32f30x_usart.o(i.usart_lin_break_detection_length_config), (20 bytes).
    Removing gd32f30x_usart.o(i.usart_lin_mode_disable), (10 bytes).
    Removing gd32f30x_usart.o(i.usart_lin_mode_enable), (10 bytes).
    Removing gd32f30x_usart.o(i.usart_mute_mode_disable), (10 bytes).
    Removing gd32f30x_usart.o(i.usart_mute_mode_enable), (10 bytes).
    Removing gd32f30x_usart.o(i.usart_mute_mode_wakeup_config), (16 bytes).
    Removing gd32f30x_usart.o(i.usart_parity_config), (16 bytes).
    Removing gd32f30x_usart.o(i.usart_prescaler_config), (16 bytes).
    Removing gd32f30x_usart.o(i.usart_receiver_timeout_disable), (12 bytes).
    Removing gd32f30x_usart.o(i.usart_receiver_timeout_enable), (12 bytes).
    Removing gd32f30x_usart.o(i.usart_receiver_timeout_threshold_config), (18 bytes).
    Removing gd32f30x_usart.o(i.usart_send_break), (10 bytes).
    Removing gd32f30x_usart.o(i.usart_smartcard_autoretry_config), (24 bytes).
    Removing gd32f30x_usart.o(i.usart_smartcard_mode_disable), (10 bytes).
    Removing gd32f30x_usart.o(i.usart_smartcard_mode_enable), (10 bytes).
    Removing gd32f30x_usart.o(i.usart_smartcard_mode_nack_disable), (10 bytes).
    Removing gd32f30x_usart.o(i.usart_smartcard_mode_nack_enable), (10 bytes).
    Removing gd32f30x_usart.o(i.usart_stop_bit_set), (16 bytes).
    Removing gd32f30x_usart.o(i.usart_synchronous_clock_config), (30 bytes).
    Removing gd32f30x_usart.o(i.usart_synchronous_clock_disable), (10 bytes).
    Removing gd32f30x_usart.o(i.usart_synchronous_clock_enable), (10 bytes).
    Removing gd32f30x_usart.o(i.usart_word_length_set), (16 bytes).
    Removing gd32f30x_wwdgt.o(.rev16_text), (4 bytes).
    Removing gd32f30x_wwdgt.o(.revsh_text), (4 bytes).
    Removing gd32f30x_wwdgt.o(i.wwdgt_config), (44 bytes).
    Removing gd32f30x_wwdgt.o(i.wwdgt_counter_update), (24 bytes).
    Removing gd32f30x_wwdgt.o(i.wwdgt_deinit), (22 bytes).
    Removing gd32f30x_wwdgt.o(i.wwdgt_enable), (16 bytes).
    Removing gd32f30x_wwdgt.o(i.wwdgt_flag_clear), (16 bytes).
    Removing gd32f30x_wwdgt.o(i.wwdgt_flag_get), (20 bytes).
    Removing gd32f30x_wwdgt.o(i.wwdgt_interrupt_enable), (16 bytes).
    Removing startup_gd32f30x_hd.o(HEAP), (1024 bytes).
    Removing gd32f307c_eval.o(.rev16_text), (4 bytes).
    Removing gd32f307c_eval.o(.revsh_text), (4 bytes).
    Removing gd32f307c_eval.o(i.gd_eval_key_init), (112 bytes).
    Removing gd32f307c_eval.o(i.gd_eval_key_state_get), (24 bytes).
    Removing gd32f307c_eval.o(i.gd_eval_led_off), (24 bytes).
    Removing gd32f307c_eval.o(i.gd_eval_led_on), (24 bytes).
    Removing gd32f307c_eval.o(.data), (4 bytes).
    Removing gd32f307c_eval.o(.data), (2 bytes).
    Removing bsp_as5740p.o(.rev16_text), (4 bytes).
    Removing bsp_as5740p.o(.revsh_text), (4 bytes).
    Removing bsp_as5740p.o(i.AS5047_GetAngle), (104 bytes).
    Removing bsp_as5740p.o(i.GenCmd2Read), (36 bytes).
    Removing bsp_as5740p.o(i.GenCmd2Write), (36 bytes).
    Removing bsp_as5740p.o(i.SPI_EVEN), (40 bytes).
    Removing bsp_as5740p.o(.data), (4 bytes).
    Removing bsp_drv8323rs.o(.rev16_text), (4 bytes).
    Removing bsp_drv8323rs.o(.revsh_text), (4 bytes).
    Removing bsp_drv8323rs.o(i.DRV8323_Init_Device), (292 bytes).
    Removing bsp_drv8323rs.o(i.DRV8323_nFAULT_EXTI), (76 bytes).
    Removing bsp_drv8323rs.o(i.Drv8323_WriteCmd), (108 bytes).
    Removing bsp_motorpwm.o(.rev16_text), (4 bytes).
    Removing bsp_motorpwm.o(.revsh_text), (4 bytes).
    Removing bsp_adcsample.o(.rev16_text), (4 bytes).
    Removing bsp_adcsample.o(.revsh_text), (4 bytes).
    Removing bsp_adcsample.o(i.adc_dma_init), (104 bytes).
    Removing bsp_adcsample.o(.data), (8 bytes).
    Removing mi_foc.o(.rev16_text), (4 bytes).
    Removing mi_foc.o(.revsh_text), (4 bytes).
    Removing mi_foc.o(i.AntiPark_Trans), (26 bytes).
    Removing mi_foc.o(i.Clarke_Trans), (64 bytes).
    Removing mi_foc.o(i.MI_FOC_step), (168 bytes).
    Removing mi_foc.o(i.Park_Trans), (26 bytes).
    Removing mi_foc.o(i.SVPWM), (488 bytes).
    Removing mi_foc.o(i.ThreePhaseCurGen), (268 bytes).
    Removing mi_foc.o(.constdata), (4 bytes).
    Removing mi_foc.o(.data), (4 bytes).
    Removing arm_cos_f32.o(.rev16_text), (4 bytes).
    Removing arm_cos_f32.o(.revsh_text), (4 bytes).
    Removing arm_cos_f32.o(.rrx_text), (6 bytes).
    Removing arm_cos_f32.o(.text), (120 bytes).
    Removing arm_sin_f32.o(.rev16_text), (4 bytes).
    Removing arm_sin_f32.o(.revsh_text), (4 bytes).
    Removing arm_sin_f32.o(.rrx_text), (6 bytes).
    Removing arm_sin_f32.o(.text), (116 bytes).
    Removing arm_common_tables.o(.rev16_text), (4 bytes).
    Removing arm_common_tables.o(.revsh_text), (4 bytes).
    Removing arm_common_tables.o(.rrx_text), (6 bytes).
    Removing arm_common_tables.o(.constdata), (2048 bytes).
    Removing arm_common_tables.o(.constdata), (128 bytes).
    Removing arm_common_tables.o(.constdata), (256 bytes).
    Removing arm_common_tables.o(.constdata), (512 bytes).
    Removing arm_common_tables.o(.constdata), (1024 bytes).
    Removing arm_common_tables.o(.constdata), (2048 bytes).
    Removing arm_common_tables.o(.constdata), (4096 bytes).
    Removing arm_common_tables.o(.constdata), (8192 bytes).
    Removing arm_common_tables.o(.constdata), (16384 bytes).
    Removing arm_common_tables.o(.constdata), (32768 bytes).
    Removing arm_common_tables.o(.constdata), (96 bytes).
    Removing arm_common_tables.o(.constdata), (192 bytes).
    Removing arm_common_tables.o(.constdata), (384 bytes).
    Removing arm_common_tables.o(.constdata), (768 bytes).
    Removing arm_common_tables.o(.constdata), (1536 bytes).
    Removing arm_common_tables.o(.constdata), (3072 bytes).
    Removing arm_common_tables.o(.constdata), (6144 bytes).
    Removing arm_common_tables.o(.constdata), (12288 bytes).
    Removing arm_common_tables.o(.constdata), (24576 bytes).
    Removing arm_common_tables.o(.constdata), (48 bytes).
    Removing arm_common_tables.o(.constdata), (96 bytes).
    Removing arm_common_tables.o(.constdata), (192 bytes).
    Removing arm_common_tables.o(.constdata), (384 bytes).
    Removing arm_common_tables.o(.constdata), (768 bytes).
    Removing arm_common_tables.o(.constdata), (1536 bytes).
    Removing arm_common_tables.o(.constdata), (3072 bytes).
    Removing arm_common_tables.o(.constdata), (6144 bytes).
    Removing arm_common_tables.o(.constdata), (12288 bytes).
    Removing arm_common_tables.o(.constdata), (128 bytes).
    Removing arm_common_tables.o(.constdata), (256 bytes).
    Removing arm_common_tables.o(.constdata), (40 bytes).
    Removing arm_common_tables.o(.constdata), (96 bytes).
    Removing arm_common_tables.o(.constdata), (112 bytes).
    Removing arm_common_tables.o(.constdata), (416 bytes).
    Removing arm_common_tables.o(.constdata), (880 bytes).
    Removing arm_common_tables.o(.constdata), (896 bytes).
    Removing arm_common_tables.o(.constdata), (3600 bytes).
    Removing arm_common_tables.o(.constdata), (7616 bytes).
    Removing arm_common_tables.o(.constdata), (8064 bytes).
    Removing arm_common_tables.o(.constdata), (24 bytes).
    Removing arm_common_tables.o(.constdata), (48 bytes).
    Removing arm_common_tables.o(.constdata), (112 bytes).
    Removing arm_common_tables.o(.constdata), (224 bytes).
    Removing arm_common_tables.o(.constdata), (480 bytes).
    Removing arm_common_tables.o(.constdata), (960 bytes).
    Removing arm_common_tables.o(.constdata), (1984 bytes).
    Removing arm_common_tables.o(.constdata), (3968 bytes).
    Removing arm_common_tables.o(.constdata), (8064 bytes).
    Removing arm_common_tables.o(.constdata), (128 bytes).
    Removing arm_common_tables.o(.constdata), (256 bytes).
    Removing arm_common_tables.o(.constdata), (512 bytes).
    Removing arm_common_tables.o(.constdata), (1024 bytes).
    Removing arm_common_tables.o(.constdata), (2048 bytes).
    Removing arm_common_tables.o(.constdata), (4096 bytes).
    Removing arm_common_tables.o(.constdata), (8192 bytes).
    Removing arm_common_tables.o(.constdata), (16384 bytes).
    Removing arm_common_tables.o(.constdata), (2052 bytes).
    Removing arm_common_tables.o(.constdata), (2052 bytes).
    Removing arm_common_tables.o(.constdata), (1026 bytes).

711 unused section(s) (total 238314 bytes) removed from the image.

==============================================================================

Image Symbol Table

    Local Symbols

    Symbol Name                              Value     Ov Type        Size  Object(Section)

    ../clib/microlib/division.c              0x00000000   Number         0  uidiv.o ABSOLUTE
    ../clib/microlib/division.c              0x00000000   Number         0  uldiv.o ABSOLUTE
    ../clib/microlib/init/entry.s            0x00000000   Number         0  entry.o ABSOLUTE
    ../clib/microlib/init/entry.s            0x00000000   Number         0  entry5.o ABSOLUTE
    ../clib/microlib/init/entry.s            0x00000000   Number         0  entry7b.o ABSOLUTE
    ../clib/microlib/init/entry.s            0x00000000   Number         0  entry9b.o ABSOLUTE
    ../clib/microlib/init/entry.s            0x00000000   Number         0  entry10a.o ABSOLUTE
    ../clib/microlib/init/entry.s            0x00000000   Number         0  entry11b.o ABSOLUTE
    ../clib/microlib/init/entry.s            0x00000000   Number         0  entry7a.o ABSOLUTE
    ../clib/microlib/init/entry.s            0x00000000   Number         0  entry8a.o ABSOLUTE
    ../clib/microlib/init/entry.s            0x00000000   Number         0  entry8b.o ABSOLUTE
    ../clib/microlib/init/entry.s            0x00000000   Number         0  entry12b.o ABSOLUTE
    ../clib/microlib/init/entry.s            0x00000000   Number         0  entry10b.o ABSOLUTE
    ../clib/microlib/init/entry.s            0x00000000   Number         0  entry11a.o ABSOLUTE
    ../clib/microlib/init/entry.s            0x00000000   Number         0  entry9a.o ABSOLUTE
    ../clib/microlib/init/entry.s            0x00000000   Number         0  entry2.o ABSOLUTE
    ../clib/microlib/init/entry.s            0x00000000   Number         0  entry12a.o ABSOLUTE
    ../clib/microlib/longlong.c              0x00000000   Number         0  llushr.o ABSOLUTE
    ../clib/microlib/longlong.c              0x00000000   Number         0  llshl.o ABSOLUTE
    ../clib/microlib/longlong.c              0x00000000   Number         0  llsshr.o ABSOLUTE
    ../clib/microlib/printf/printf.c         0x00000000   Number         0  printf2.o ABSOLUTE
    ../clib/microlib/printf/printf.c         0x00000000   Number         0  printf1.o ABSOLUTE
    ../clib/microlib/printf/printf.c         0x00000000   Number         0  printf0.o ABSOLUTE
    ../clib/microlib/printf/printf.c         0x00000000   Number         0  printf8.o ABSOLUTE
    ../clib/microlib/printf/printf.c         0x00000000   Number         0  printfb.o ABSOLUTE
    ../clib/microlib/printf/printf.c         0x00000000   Number         0  printfa.o ABSOLUTE
    ../clib/microlib/printf/printf.c         0x00000000   Number         0  printf7.o ABSOLUTE
    ../clib/microlib/printf/printf.c         0x00000000   Number         0  printf6.o ABSOLUTE
    ../clib/microlib/printf/printf.c         0x00000000   Number         0  printf5.o ABSOLUTE
    ../clib/microlib/printf/printf.c         0x00000000   Number         0  printf4.o ABSOLUTE
    ../clib/microlib/printf/printf.c         0x00000000   Number         0  printf3.o ABSOLUTE
    ../clib/microlib/printf/stubs.s          0x00000000   Number         0  stubs.o ABSOLUTE
    ../clib/microlib/stdio/streams.c         0x00000000   Number         0  stdout.o ABSOLUTE
    ../clib/microlib/stubs.s                 0x00000000   Number         0  iusefp.o ABSOLUTE
    ../fplib/microlib/f2d.c                  0x00000000   Number         0  f2d.o ABSOLUTE
    ../fplib/microlib/fpadd.c                0x00000000   Number         0  dadd.o ABSOLUTE
    ../fplib/microlib/fpdiv.c                0x00000000   Number         0  ddiv.o ABSOLUTE
    ../fplib/microlib/fpepilogue.c           0x00000000   Number         0  depilogue.o ABSOLUTE
    ../fplib/microlib/fpfix.c                0x00000000   Number         0  dfixul.o ABSOLUTE
    ../fplib/microlib/fpmul.c                0x00000000   Number         0  dmul.o ABSOLUTE
    ..\CMSIS\SYS\Src\system_gd32f30x.c       0x00000000   Number         0  system_gd32f30x.o ABSOLUTE
    ..\CMSIS\StartUp\startup_gd32f30x_hd.s   0x00000000   Number         0  startup_gd32f30x_hd.o ABSOLUTE
    ..\CommonTables\arm_common_tables.c      0x00000000   Number         0  arm_common_tables.o ABSOLUTE
    ..\FastMathFunctions\arm_cos_f32.c       0x00000000   Number         0  arm_cos_f32.o ABSOLUTE
    ..\FastMathFunctions\arm_sin_f32.c       0x00000000   Number         0  arm_sin_f32.o ABSOLUTE
    ..\MATLAB\MI_FOC.c                       0x00000000   Number         0  mi_foc.o ABSOLUTE
    ..\Pheripherals\Src\gd32f30x_adc.c       0x00000000   Number         0  gd32f30x_adc.o ABSOLUTE
    ..\Pheripherals\Src\gd32f30x_bkp.c       0x00000000   Number         0  gd32f30x_bkp.o ABSOLUTE
    ..\Pheripherals\Src\gd32f30x_can.c       0x00000000   Number         0  gd32f30x_can.o ABSOLUTE
    ..\Pheripherals\Src\gd32f30x_crc.c       0x00000000   Number         0  gd32f30x_crc.o ABSOLUTE
    ..\Pheripherals\Src\gd32f30x_ctc.c       0x00000000   Number         0  gd32f30x_ctc.o ABSOLUTE
    ..\Pheripherals\Src\gd32f30x_dac.c       0x00000000   Number         0  gd32f30x_dac.o ABSOLUTE
    ..\Pheripherals\Src\gd32f30x_dbg.c       0x00000000   Number         0  gd32f30x_dbg.o ABSOLUTE
    ..\Pheripherals\Src\gd32f30x_dma.c       0x00000000   Number         0  gd32f30x_dma.o ABSOLUTE
    ..\Pheripherals\Src\gd32f30x_enet.c      0x00000000   Number         0  gd32f30x_enet.o ABSOLUTE
    ..\Pheripherals\Src\gd32f30x_exmc.c      0x00000000   Number         0  gd32f30x_exmc.o ABSOLUTE
    ..\Pheripherals\Src\gd32f30x_exti.c      0x00000000   Number         0  gd32f30x_exti.o ABSOLUTE
    ..\Pheripherals\Src\gd32f30x_fmc.c       0x00000000   Number         0  gd32f30x_fmc.o ABSOLUTE
    ..\Pheripherals\Src\gd32f30x_fwdgt.c     0x00000000   Number         0  gd32f30x_fwdgt.o ABSOLUTE
    ..\Pheripherals\Src\gd32f30x_gpio.c      0x00000000   Number         0  gd32f30x_gpio.o ABSOLUTE
    ..\Pheripherals\Src\gd32f30x_i2c.c       0x00000000   Number         0  gd32f30x_i2c.o ABSOLUTE
    ..\Pheripherals\Src\gd32f30x_misc.c      0x00000000   Number         0  gd32f30x_misc.o ABSOLUTE
    ..\Pheripherals\Src\gd32f30x_pmu.c       0x00000000   Number         0  gd32f30x_pmu.o ABSOLUTE
    ..\Pheripherals\Src\gd32f30x_rcu.c       0x00000000   Number         0  gd32f30x_rcu.o ABSOLUTE
    ..\Pheripherals\Src\gd32f30x_rtc.c       0x00000000   Number         0  gd32f30x_rtc.o ABSOLUTE
    ..\Pheripherals\Src\gd32f30x_sdio.c      0x00000000   Number         0  gd32f30x_sdio.o ABSOLUTE
    ..\Pheripherals\Src\gd32f30x_spi.c       0x00000000   Number         0  gd32f30x_spi.o ABSOLUTE
    ..\Pheripherals\Src\gd32f30x_timer.c     0x00000000   Number         0  gd32f30x_timer.o ABSOLUTE
    ..\Pheripherals\Src\gd32f30x_usart.c     0x00000000   Number         0  gd32f30x_usart.o ABSOLUTE
    ..\Pheripherals\Src\gd32f30x_wwdgt.c     0x00000000   Number         0  gd32f30x_wwdgt.o ABSOLUTE
    ..\User\Src\gd32f30x_it.c                0x00000000   Number         0  gd32f30x_it.o ABSOLUTE
    ..\User\Src\main.c                       0x00000000   Number         0  main.o ABSOLUTE
    ..\User\Src\systick.c                    0x00000000   Number         0  systick.o ABSOLUTE
    ..\Utilties\Src\BSP_AdcSample.c          0x00000000   Number         0  bsp_adcsample.o ABSOLUTE
    ..\Utilties\Src\BSP_MotorPwm.c           0x00000000   Number         0  bsp_motorpwm.o ABSOLUTE
    ..\Utilties\Src\BSP_as5740p.c            0x00000000   Number         0  bsp_as5740p.o ABSOLUTE
    ..\Utilties\Src\BSP_drv8323rs.c          0x00000000   Number         0  bsp_drv8323rs.o ABSOLUTE
    ..\Utilties\Src\gd32f307c_eval.c         0x00000000   Number         0  gd32f307c_eval.o ABSOLUTE
    ..\\CMSIS\\SYS\\Src\\system_gd32f30x.c   0x00000000   Number         0  system_gd32f30x.o ABSOLUTE
    ..\\CommonTables\\arm_common_tables.c    0x00000000   Number         0  arm_common_tables.o ABSOLUTE
    ..\\FastMathFunctions\\arm_cos_f32.c     0x00000000   Number         0  arm_cos_f32.o ABSOLUTE
    ..\\FastMathFunctions\\arm_sin_f32.c     0x00000000   Number         0  arm_sin_f32.o ABSOLUTE
    ..\\MATLAB\\MI_FOC.c                     0x00000000   Number         0  mi_foc.o ABSOLUTE
    ..\\Pheripherals\\Src\\gd32f30x_adc.c    0x00000000   Number         0  gd32f30x_adc.o ABSOLUTE
    ..\\Pheripherals\\Src\\gd32f30x_bkp.c    0x00000000   Number         0  gd32f30x_bkp.o ABSOLUTE
    ..\\Pheripherals\\Src\\gd32f30x_can.c    0x00000000   Number         0  gd32f30x_can.o ABSOLUTE
    ..\\Pheripherals\\Src\\gd32f30x_crc.c    0x00000000   Number         0  gd32f30x_crc.o ABSOLUTE
    ..\\Pheripherals\\Src\\gd32f30x_ctc.c    0x00000000   Number         0  gd32f30x_ctc.o ABSOLUTE
    ..\\Pheripherals\\Src\\gd32f30x_dac.c    0x00000000   Number         0  gd32f30x_dac.o ABSOLUTE
    ..\\Pheripherals\\Src\\gd32f30x_dbg.c    0x00000000   Number         0  gd32f30x_dbg.o ABSOLUTE
    ..\\Pheripherals\\Src\\gd32f30x_dma.c    0x00000000   Number         0  gd32f30x_dma.o ABSOLUTE
    ..\\Pheripherals\\Src\\gd32f30x_enet.c   0x00000000   Number         0  gd32f30x_enet.o ABSOLUTE
    ..\\Pheripherals\\Src\\gd32f30x_exmc.c   0x00000000   Number         0  gd32f30x_exmc.o ABSOLUTE
    ..\\Pheripherals\\Src\\gd32f30x_exti.c   0x00000000   Number         0  gd32f30x_exti.o ABSOLUTE
    ..\\Pheripherals\\Src\\gd32f30x_fmc.c    0x00000000   Number         0  gd32f30x_fmc.o ABSOLUTE
    ..\\Pheripherals\\Src\\gd32f30x_fwdgt.c  0x00000000   Number         0  gd32f30x_fwdgt.o ABSOLUTE
    ..\\Pheripherals\\Src\\gd32f30x_gpio.c   0x00000000   Number         0  gd32f30x_gpio.o ABSOLUTE
    ..\\Pheripherals\\Src\\gd32f30x_i2c.c    0x00000000   Number         0  gd32f30x_i2c.o ABSOLUTE
    ..\\Pheripherals\\Src\\gd32f30x_misc.c   0x00000000   Number         0  gd32f30x_misc.o ABSOLUTE
    ..\\Pheripherals\\Src\\gd32f30x_pmu.c    0x00000000   Number         0  gd32f30x_pmu.o ABSOLUTE
    ..\\Pheripherals\\Src\\gd32f30x_rcu.c    0x00000000   Number         0  gd32f30x_rcu.o ABSOLUTE
    ..\\Pheripherals\\Src\\gd32f30x_rtc.c    0x00000000   Number         0  gd32f30x_rtc.o ABSOLUTE
    ..\\Pheripherals\\Src\\gd32f30x_sdio.c   0x00000000   Number         0  gd32f30x_sdio.o ABSOLUTE
    ..\\Pheripherals\\Src\\gd32f30x_spi.c    0x00000000   Number         0  gd32f30x_spi.o ABSOLUTE
    ..\\Pheripherals\\Src\\gd32f30x_timer.c  0x00000000   Number         0  gd32f30x_timer.o ABSOLUTE
    ..\\Pheripherals\\Src\\gd32f30x_usart.c  0x00000000   Number         0  gd32f30x_usart.o ABSOLUTE
    ..\\Pheripherals\\Src\\gd32f30x_wwdgt.c  0x00000000   Number         0  gd32f30x_wwdgt.o ABSOLUTE
    ..\\User\\Src\\gd32f30x_it.c             0x00000000   Number         0  gd32f30x_it.o ABSOLUTE
    ..\\User\\Src\\main.c                    0x00000000   Number         0  main.o ABSOLUTE
    ..\\User\\Src\\systick.c                 0x00000000   Number         0  systick.o ABSOLUTE
    ..\\Utilties\\Src\\BSP_AdcSample.c       0x00000000   Number         0  bsp_adcsample.o ABSOLUTE
    ..\\Utilties\\Src\\BSP_MotorPwm.c        0x00000000   Number         0  bsp_motorpwm.o ABSOLUTE
    ..\\Utilties\\Src\\BSP_as5740p.c         0x00000000   Number         0  bsp_as5740p.o ABSOLUTE
    ..\\Utilties\\Src\\BSP_drv8323rs.c       0x00000000   Number         0  bsp_drv8323rs.o ABSOLUTE
    ..\\Utilties\\Src\\gd32f307c_eval.c      0x00000000   Number         0  gd32f307c_eval.o ABSOLUTE
    cdrcmple.s                               0x00000000   Number         0  cdrcmple.o ABSOLUTE
    dc.s                                     0x00000000   Number         0  dc.o ABSOLUTE
    handlers.s                               0x00000000   Number         0  handlers.o ABSOLUTE
    init.s                                   0x00000000   Number         0  init.o ABSOLUTE
    RESET                                    0x08000000   Section      304  startup_gd32f30x_hd.o(RESET)
    .ARM.Collect$$$$00000000                 0x08000130   Section        0  entry.o(.ARM.Collect$$$$00000000)
    .ARM.Collect$$$$00000001                 0x08000130   Section        4  entry2.o(.ARM.Collect$$$$00000001)
    .ARM.Collect$$$$00000004                 0x08000134   Section        4  entry5.o(.ARM.Collect$$$$00000004)
    .ARM.Collect$$$$00000008                 0x08000138   Section        0  entry7b.o(.ARM.Collect$$$$00000008)
    .ARM.Collect$$$$0000000A                 0x08000138   Section        0  entry8b.o(.ARM.Collect$$$$0000000A)
    .ARM.Collect$$$$0000000B                 0x08000138   Section        8  entry9a.o(.ARM.Collect$$$$0000000B)
    .ARM.Collect$$$$0000000E                 0x08000140   Section        4  entry12b.o(.ARM.Collect$$$$0000000E)
    .ARM.Collect$$$$0000000F                 0x08000144   Section        0  entry10a.o(.ARM.Collect$$$$0000000F)
    .ARM.Collect$$$$00000011                 0x08000144   Section        0  entry11a.o(.ARM.Collect$$$$00000011)
    .ARM.Collect$$$$00002712                 0x08000144   Section        4  entry2.o(.ARM.Collect$$$$00002712)
    __lit__00000000                          0x08000144   Data           4  entry2.o(.ARM.Collect$$$$00002712)
    .text                                    0x08000148   Section       36  startup_gd32f30x_hd.o(.text)
    $v0                                      0x08000148   Number         0  startup_gd32f30x_hd.o(.text)
    .text                                    0x0800016c   Section        0  f2d.o(.text)
    .text                                    0x08000192   Section        0  uidiv.o(.text)
    .text                                    0x080001be   Section        0  uldiv.o(.text)
    .text                                    0x08000220   Section        0  iusefp.o(.text)
    .text                                    0x08000220   Section        0  dadd.o(.text)
    .text                                    0x0800036e   Section        0  dmul.o(.text)
    .text                                    0x08000452   Section        0  ddiv.o(.text)
    .text                                    0x08000530   Section        0  dfixul.o(.text)
    .text                                    0x08000560   Section       48  cdrcmple.o(.text)
    .text                                    0x08000590   Section       36  init.o(.text)
    .text                                    0x080005b4   Section        0  llshl.o(.text)
    .text                                    0x080005d2   Section        0  llushr.o(.text)
    .text                                    0x080005f2   Section        0  llsshr.o(.text)
    .text                                    0x08000616   Section        0  depilogue.o(.text)
    i.ADC0_1_IRQHandler                      0x080006d0   Section        0  gd32f30x_it.o(i.ADC0_1_IRQHandler)
    i.BusFault_Handler                       0x08000704   Section        0  gd32f30x_it.o(i.BusFault_Handler)
    i.DebugMon_Handler                       0x08000706   Section        0  gd32f30x_it.o(i.DebugMon_Handler)
    i.Drv8323_ReadData                       0x08000708   Section        0  bsp_drv8323rs.o(i.Drv8323_ReadData)
    i.EXTI10_15_IRQHandler                   0x08000774   Section        0  gd32f30x_it.o(i.EXTI10_15_IRQHandler)
    i.GenCmd_drv                             0x0800079c   Section        0  bsp_drv8323rs.o(i.GenCmd_drv)
    GenCmd_drv                               0x0800079d   Thumb Code    38  bsp_drv8323rs.o(i.GenCmd_drv)
    i.HardFault_Handler                      0x080007c8   Section        0  gd32f30x_it.o(i.HardFault_Handler)
    i.MI_FOC_initialize                      0x080007cc   Section        0  mi_foc.o(i.MI_FOC_initialize)
    i.MemManage_Handler                      0x080007dc   Section        0  gd32f30x_it.o(i.MemManage_Handler)
    i.NMI_Handler                            0x080007de   Section        0  gd32f30x_it.o(i.NMI_Handler)
    i.NVIC_SetPriority                       0x080007e0   Section        0  systick.o(i.NVIC_SetPriority)
    NVIC_SetPriority                         0x080007e1   Thumb Code    32  systick.o(i.NVIC_SetPriority)
    i.PendSV_Handler                         0x08000800   Section        0  gd32f30x_it.o(i.PendSV_Handler)
    i.Report_Drv8323_FaultInfo               0x08000804   Section        0  main.o(i.Report_Drv8323_FaultInfo)
    i.SVC_Handler                            0x08000870   Section        0  gd32f30x_it.o(i.SVC_Handler)
    i.SysTick_Handler                        0x08000872   Section        0  gd32f30x_it.o(i.SysTick_Handler)
    i.SystemInit                             0x08000878   Section        0  system_gd32f30x.o(i.SystemInit)
    i.UsageFault_Handler                     0x080008fc   Section        0  gd32f30x_it.o(i.UsageFault_Handler)
    i.__0printf                              0x08000900   Section        0  printfa.o(i.__0printf)
    i.__scatterload_copy                     0x08000920   Section       14  handlers.o(i.__scatterload_copy)
    i.__scatterload_null                     0x0800092e   Section        2  handlers.o(i.__scatterload_null)
    i.__scatterload_zeroinit                 0x08000930   Section       14  handlers.o(i.__scatterload_zeroinit)
    i._fp_digits                             0x08000940   Section        0  printfa.o(i._fp_digits)
    _fp_digits                               0x08000941   Thumb Code   366  printfa.o(i._fp_digits)
    i._printf_core                           0x08000ac4   Section        0  printfa.o(i._printf_core)
    _printf_core                             0x08000ac5   Thumb Code  1704  printfa.o(i._printf_core)
    i._printf_post_padding                   0x08001178   Section        0  printfa.o(i._printf_post_padding)
    _printf_post_padding                     0x08001179   Thumb Code    36  printfa.o(i._printf_post_padding)
    i._printf_pre_padding                    0x0800119c   Section        0  printfa.o(i._printf_pre_padding)
    _printf_pre_padding                      0x0800119d   Thumb Code    46  printfa.o(i._printf_pre_padding)
    i.adc_calibration_enable                 0x080011ca   Section        0  gd32f30x_adc.o(i.adc_calibration_enable)
    i.adc_channel_length_config              0x080011e8   Section        0  gd32f30x_adc.o(i.adc_channel_length_config)
    i.adc_config                             0x08001224   Section        0  bsp_adcsample.o(i.adc_config)
    i.adc_data_alignment_config              0x08001314   Section        0  gd32f30x_adc.o(i.adc_data_alignment_config)
    i.adc_enable                             0x0800132c   Section        0  gd32f30x_adc.o(i.adc_enable)
    i.adc_external_trigger_config            0x0800133c   Section        0  gd32f30x_adc.o(i.adc_external_trigger_config)
    i.adc_external_trigger_source_config     0x08001374   Section        0  gd32f30x_adc.o(i.adc_external_trigger_source_config)
    i.adc_inserted_channel_config            0x0800139c   Section        0  gd32f30x_adc.o(i.adc_inserted_channel_config)
    i.adc_interrupt_enable                   0x080013ec   Section        0  gd32f30x_adc.o(i.adc_interrupt_enable)
    i.adc_interrupt_flag_clear               0x08001412   Section        0  gd32f30x_adc.o(i.adc_interrupt_flag_clear)
    i.adc_mode_config                        0x0800141c   Section        0  gd32f30x_adc.o(i.adc_mode_config)
    i.adc_special_function_config            0x08001434   Section        0  gd32f30x_adc.o(i.adc_special_function_config)
    i.delay_1ms                              0x08001484   Section        0  systick.o(i.delay_1ms)
    i.delay_decrement                        0x08001494   Section        0  systick.o(i.delay_decrement)
    i.exti_interrupt_flag_clear              0x080014a8   Section        0  gd32f30x_exti.o(i.exti_interrupt_flag_clear)
    i.exti_interrupt_flag_get                0x080014b4   Section        0  gd32f30x_exti.o(i.exti_interrupt_flag_get)
    i.fputc                                  0x080014d4   Section        0  main.o(i.fputc)
    i.gd_eval_com_init                       0x080014f8   Section        0  gd32f307c_eval.o(i.gd_eval_com_init)
    i.gd_eval_led_init                       0x08001584   Section        0  gd32f307c_eval.o(i.gd_eval_led_init)
    i.gd_eval_led_toggle                     0x080015bc   Section        0  gd32f307c_eval.o(i.gd_eval_led_toggle)
    i.gpio_bit_reset                         0x080015ec   Section        0  gd32f30x_gpio.o(i.gpio_bit_reset)
    i.gpio_bit_set                           0x080015f0   Section        0  gd32f30x_gpio.o(i.gpio_bit_set)
    i.gpio_bit_write                         0x080015f4   Section        0  gd32f30x_gpio.o(i.gpio_bit_write)
    i.gpio_init                              0x08001600   Section        0  gd32f30x_gpio.o(i.gpio_init)
    i.gpio_input_bit_get                     0x080016a4   Section        0  gd32f30x_gpio.o(i.gpio_input_bit_get)
    i.gpio_pin_remap_config                  0x080016b4   Section        0  gd32f30x_gpio.o(i.gpio_pin_remap_config)
    i.main                                   0x08001710   Section        0  main.o(i.main)
    i.nvic_irq_enable                        0x080017f4   Section        0  gd32f30x_misc.o(i.nvic_irq_enable)
    i.nvic_priority_group_set                0x08001890   Section        0  gd32f30x_misc.o(i.nvic_priority_group_set)
    i.rcu_adc_clock_config                   0x080018a4   Section        0  gd32f30x_rcu.o(i.rcu_adc_clock_config)
    i.rcu_clock_freq_get                     0x080018f8   Section        0  gd32f30x_rcu.o(i.rcu_clock_freq_get)
    i.rcu_periph_clock_enable                0x080019f8   Section        0  gd32f30x_rcu.o(i.rcu_periph_clock_enable)
    i.rcu_periph_reset_disable               0x08001a14   Section        0  gd32f30x_rcu.o(i.rcu_periph_reset_disable)
    i.rcu_periph_reset_enable                0x08001a30   Section        0  gd32f30x_rcu.o(i.rcu_periph_reset_enable)
    i.spi1_config                            0x08001a4c   Section        0  bsp_drv8323rs.o(i.spi1_config)
    i.spi_config                             0x08001ae4   Section        0  bsp_as5740p.o(i.spi_config)
    i.spi_enable                             0x08001b84   Section        0  gd32f30x_spi.o(i.spi_enable)
    i.spi_i2s_data_receive                   0x08001b8e   Section        0  gd32f30x_spi.o(i.spi_i2s_data_receive)
    i.spi_i2s_data_transmit                  0x08001b94   Section        0  gd32f30x_spi.o(i.spi_i2s_data_transmit)
    i.spi_i2s_flag_get                       0x08001b98   Section        0  gd32f30x_spi.o(i.spi_i2s_flag_get)
    i.spi_init                               0x08001ba6   Section        0  gd32f30x_spi.o(i.spi_init)
    i.system_clock_120m_hxtal                0x08001bd4   Section        0  system_gd32f30x.o(i.system_clock_120m_hxtal)
    system_clock_120m_hxtal                  0x08001bd5   Thumb Code   170  system_gd32f30x.o(i.system_clock_120m_hxtal)
    i.system_clock_config                    0x08001c90   Section        0  system_gd32f30x.o(i.system_clock_config)
    system_clock_config                      0x08001c91   Thumb Code     4  system_gd32f30x.o(i.system_clock_config)
    i.systick_config                         0x08001c94   Section        0  systick.o(i.systick_config)
    i.timer_auto_reload_shadow_enable        0x08001ce0   Section        0  gd32f30x_timer.o(i.timer_auto_reload_shadow_enable)
    i.timer_channel_output_config            0x08001cec   Section        0  gd32f30x_timer.o(i.timer_channel_output_config)
    i.timer_channel_output_mode_config       0x08001ec4   Section        0  gd32f30x_timer.o(i.timer_channel_output_mode_config)
    i.timer_channel_output_pulse_value_config 0x08001f18   Section        0  gd32f30x_timer.o(i.timer_channel_output_pulse_value_config)
    i.timer_channel_output_shadow_config     0x08001f38   Section        0  gd32f30x_timer.o(i.timer_channel_output_shadow_config)
    i.timer_channel_output_struct_para_init  0x08001f8c   Section        0  gd32f30x_timer.o(i.timer_channel_output_struct_para_init)
    i.timer_config                           0x08001f9c   Section        0  bsp_motorpwm.o(i.timer_config)
    i.timer_deinit                           0x080020ec   Section        0  gd32f30x_timer.o(i.timer_deinit)
    i.timer_enable                           0x080021c8   Section        0  gd32f30x_timer.o(i.timer_enable)
    i.timer_init                             0x080021d4   Section        0  gd32f30x_timer.o(i.timer_init)
    i.timer_primary_output_config            0x08002268   Section        0  gd32f30x_timer.o(i.timer_primary_output_config)
    i.usart_baudrate_set                     0x08002280   Section        0  gd32f30x_usart.o(i.usart_baudrate_set)
    i.usart_data_transmit                    0x080022f0   Section        0  gd32f30x_usart.o(i.usart_data_transmit)
    i.usart_deinit                           0x080022f8   Section        0  gd32f30x_usart.o(i.usart_deinit)
    i.usart_enable                           0x08002388   Section        0  gd32f30x_usart.o(i.usart_enable)
    i.usart_flag_get                         0x08002392   Section        0  gd32f30x_usart.o(i.usart_flag_get)
    i.usart_receive_config                   0x080023ac   Section        0  gd32f30x_usart.o(i.usart_receive_config)
    i.usart_transmit_config                  0x080023b8   Section        0  gd32f30x_usart.o(i.usart_transmit_config)
    .data                                    0x20000000   Section        2  gd32f30x_it.o(.data)
    cnt                                      0x20000000   Data           2  gd32f30x_it.o(.data)
    .data                                    0x20000004   Section        8  main.o(.data)
    timingdelaylocal                         0x20000004   Data           4  main.o(.data)
    Last_FaultInfo                           0x20000008   Data           4  main.o(.data)
    .data                                    0x2000000c   Section        4  systick.o(.data)
    delay                                    0x2000000c   Data           4  systick.o(.data)
    .data                                    0x20000010   Section        4  system_gd32f30x.o(.data)
    .data                                    0x20000014   Section      124  gd32f307c_eval.o(.data)
    KEY_PORT_SOURCE                          0x20000014   Data           3  gd32f307c_eval.o(.data)
    KEY_PIN_SOURCE                           0x20000017   Data           3  gd32f307c_eval.o(.data)
    KEY_IRQn                                 0x2000001a   Data           3  gd32f307c_eval.o(.data)
    COM_CLK                                  0x2000001e   Data           4  gd32f307c_eval.o(.data)
    COM_GPIO_CLK                             0x20000022   Data           4  gd32f307c_eval.o(.data)
    KEY_CLK                                  0x20000026   Data           6  gd32f307c_eval.o(.data)
    GPIO_CLK                                 0x2000002c   Data           8  gd32f307c_eval.o(.data)
    COM_TX_PIN                               0x20000034   Data           8  gd32f307c_eval.o(.data)
    COM_RX_PIN                               0x2000003c   Data           8  gd32f307c_eval.o(.data)
    COM_GPIO_PORT                            0x20000044   Data           8  gd32f307c_eval.o(.data)
    GPIO_PORT                                0x2000004c   Data          16  gd32f307c_eval.o(.data)
    GPIO_PIN                                 0x2000005c   Data          16  gd32f307c_eval.o(.data)
    KEY_PORT                                 0x2000006c   Data          12  gd32f307c_eval.o(.data)
    KEY_PIN                                  0x20000078   Data          12  gd32f307c_eval.o(.data)
    KEY_EXTI_LINE                            0x20000084   Data          12  gd32f307c_eval.o(.data)
    .data                                    0x20000090   Section        4  bsp_drv8323rs.o(.data)
    .data                                    0x20000094   Section        4  bsp_drv8323rs.o(.data)
    .data                                    0x20000098   Section        1  bsp_drv8323rs.o(.data)
    .data                                    0x2000009a   Section       14  bsp_drv8323rs.o(.data)
    Drv_Cmd_Frame                            0x2000009a   Data           2  bsp_drv8323rs.o(.data)
    Drv_Receive_Frame                        0x2000009c   Data           2  bsp_drv8323rs.o(.data)
    .data                                    0x200000a8   Section       28  mi_foc.o(.data)
    .data                                    0x200000c4   Section        4  stdout.o(.data)
    .bss                                     0x200000c8   Section       44  mi_foc.o(.bss)
    STACK                                    0x200000f8   Section     1024  startup_gd32f30x_hd.o(STACK)

    Global Symbols

    Symbol Name                              Value     Ov Type        Size  Object(Section)

    BuildAttributes$$THM_ISAv4$E$P$D$K$B$S$7EM$VFPi3$EXTD16$VFPS$VFMA$PE$A:L22UL41UL21$X:L11$S22US41US21$IEEE1$IW$USESV6$~STKCKD$USESV7$~SHL$OTIME$ROPI$IEEEX$EBA8$MICROLIB$REQ8$PRES8$EABIv2 0x00000000   Number         0  anon$$obj.o ABSOLUTE
    __ARM_use_no_argv                        0x00000000   Number         0  main.o ABSOLUTE
    _printf_a                                0x00000000   Number         0  stubs.o ABSOLUTE
    _printf_c                                0x00000000   Number         0  stubs.o ABSOLUTE
    _printf_charcount                        0x00000000   Number         0  stubs.o ABSOLUTE
    _printf_d                                0x00000000   Number         0  stubs.o ABSOLUTE
    _printf_e                                0x00000000   Number         0  stubs.o ABSOLUTE
    _printf_f                                0x00000000   Number         0  stubs.o ABSOLUTE
    _printf_flags                            0x00000000   Number         0  stubs.o ABSOLUTE
    _printf_fp_dec                           0x00000000   Number         0  stubs.o ABSOLUTE
    _printf_fp_hex                           0x00000000   Number         0  stubs.o ABSOLUTE
    _printf_g                                0x00000000   Number         0  stubs.o ABSOLUTE
    _printf_i                                0x00000000   Number         0  stubs.o ABSOLUTE
    _printf_int_dec                          0x00000000   Number         0  stubs.o ABSOLUTE
    _printf_l                                0x00000000   Number         0  stubs.o ABSOLUTE
    _printf_lc                               0x00000000   Number         0  stubs.o ABSOLUTE
    _printf_ll                               0x00000000   Number         0  stubs.o ABSOLUTE
    _printf_lld                              0x00000000   Number         0  stubs.o ABSOLUTE
    _printf_lli                              0x00000000   Number         0  stubs.o ABSOLUTE
    _printf_llo                              0x00000000   Number         0  stubs.o ABSOLUTE
    _printf_llu                              0x00000000   Number         0  stubs.o ABSOLUTE
    _printf_llx                              0x00000000   Number         0  stubs.o ABSOLUTE
    _printf_longlong_dec                     0x00000000   Number         0  stubs.o ABSOLUTE
    _printf_longlong_hex                     0x00000000   Number         0  stubs.o ABSOLUTE
    _printf_longlong_oct                     0x00000000   Number         0  stubs.o ABSOLUTE
    _printf_ls                               0x00000000   Number         0  stubs.o ABSOLUTE
    _printf_mbtowc                           0x00000000   Number         0  stubs.o ABSOLUTE
    _printf_n                                0x00000000   Number         0  stubs.o ABSOLUTE
    _printf_o                                0x00000000   Number         0  stubs.o ABSOLUTE
    _printf_p                                0x00000000   Number         0  stubs.o ABSOLUTE
    _printf_percent                          0x00000000   Number         0  stubs.o ABSOLUTE
    _printf_pre_padding                      0x00000000   Number         0  stubs.o ABSOLUTE
    _printf_return_value                     0x00000000   Number         0  stubs.o ABSOLUTE
    _printf_s                                0x00000000   Number         0  stubs.o ABSOLUTE
    _printf_sizespec                         0x00000000   Number         0  stubs.o ABSOLUTE
    _printf_str                              0x00000000   Number         0  stubs.o ABSOLUTE
    _printf_truncate_signed                  0x00000000   Number         0  stubs.o ABSOLUTE
    _printf_truncate_unsigned                0x00000000   Number         0  stubs.o ABSOLUTE
    _printf_u                                0x00000000   Number         0  stubs.o ABSOLUTE
    _printf_wc                               0x00000000   Number         0  stubs.o ABSOLUTE
    _printf_wctomb                           0x00000000   Number         0  stubs.o ABSOLUTE
    _printf_widthprec                        0x00000000   Number         0  stubs.o ABSOLUTE
    _printf_x                                0x00000000   Number         0  stubs.o ABSOLUTE
    __arm_fini_                               - Undefined Weak Reference
    __cpp_initialize__aeabi_                  - Undefined Weak Reference
    __cxa_finalize                            - Undefined Weak Reference
    __decompress                              - Undefined Weak Reference
    _clock_init                               - Undefined Weak Reference
    _microlib_exit                            - Undefined Weak Reference
    __Vectors_Size                           0x00000130   Number         0  startup_gd32f30x_hd.o ABSOLUTE
    __Vectors                                0x08000000   Data           4  startup_gd32f30x_hd.o(RESET)
    __Vectors_End                            0x08000130   Data           0  startup_gd32f30x_hd.o(RESET)
    __main                                   0x08000131   Thumb Code     0  entry.o(.ARM.Collect$$$$00000000)
    _main_stk                                0x08000131   Thumb Code     0  entry2.o(.ARM.Collect$$$$00000001)
    _main_scatterload                        0x08000135   Thumb Code     0  entry5.o(.ARM.Collect$$$$00000004)
    __main_after_scatterload                 0x08000139   Thumb Code     0  entry5.o(.ARM.Collect$$$$00000004)
    _main_clock                              0x08000139   Thumb Code     0  entry7b.o(.ARM.Collect$$$$00000008)
    _main_cpp_init                           0x08000139   Thumb Code     0  entry8b.o(.ARM.Collect$$$$0000000A)
    _main_init                               0x08000139   Thumb Code     0  entry9a.o(.ARM.Collect$$$$0000000B)
    __rt_lib_shutdown_fini                   0x08000141   Thumb Code     0  entry12b.o(.ARM.Collect$$$$0000000E)
    __rt_final_cpp                           0x08000145   Thumb Code     0  entry10a.o(.ARM.Collect$$$$0000000F)
    __rt_final_exit                          0x08000145   Thumb Code     0  entry11a.o(.ARM.Collect$$$$00000011)
    Reset_Handler                            0x08000149   Thumb Code     8  startup_gd32f30x_hd.o(.text)
    ADC2_IRQHandler                          0x08000163   Thumb Code     0  startup_gd32f30x_hd.o(.text)
    CAN0_EWMC_IRQHandler                     0x08000163   Thumb Code     0  startup_gd32f30x_hd.o(.text)
    CAN0_RX1_IRQHandler                      0x08000163   Thumb Code     0  startup_gd32f30x_hd.o(.text)
    DMA0_Channel0_IRQHandler                 0x08000163   Thumb Code     0  startup_gd32f30x_hd.o(.text)
    DMA0_Channel1_IRQHandler                 0x08000163   Thumb Code     0  startup_gd32f30x_hd.o(.text)
    DMA0_Channel2_IRQHandler                 0x08000163   Thumb Code     0  startup_gd32f30x_hd.o(.text)
    DMA0_Channel3_IRQHandler                 0x08000163   Thumb Code     0  startup_gd32f30x_hd.o(.text)
    DMA0_Channel4_IRQHandler                 0x08000163   Thumb Code     0  startup_gd32f30x_hd.o(.text)
    DMA0_Channel5_IRQHandler                 0x08000163   Thumb Code     0  startup_gd32f30x_hd.o(.text)
    DMA0_Channel6_IRQHandler                 0x08000163   Thumb Code     0  startup_gd32f30x_hd.o(.text)
    DMA1_Channel0_IRQHandler                 0x08000163   Thumb Code     0  startup_gd32f30x_hd.o(.text)
    DMA1_Channel1_IRQHandler                 0x08000163   Thumb Code     0  startup_gd32f30x_hd.o(.text)
    DMA1_Channel2_IRQHandler                 0x08000163   Thumb Code     0  startup_gd32f30x_hd.o(.text)
    DMA1_Channel3_4_IRQHandler               0x08000163   Thumb Code     0  startup_gd32f30x_hd.o(.text)
    EXMC_IRQHandler                          0x08000163   Thumb Code     0  startup_gd32f30x_hd.o(.text)
    EXTI0_IRQHandler                         0x08000163   Thumb Code     0  startup_gd32f30x_hd.o(.text)
    EXTI1_IRQHandler                         0x08000163   Thumb Code     0  startup_gd32f30x_hd.o(.text)
    EXTI2_IRQHandler                         0x08000163   Thumb Code     0  startup_gd32f30x_hd.o(.text)
    EXTI3_IRQHandler                         0x08000163   Thumb Code     0  startup_gd32f30x_hd.o(.text)
    EXTI4_IRQHandler                         0x08000163   Thumb Code     0  startup_gd32f30x_hd.o(.text)
    EXTI5_9_IRQHandler                       0x08000163   Thumb Code     0  startup_gd32f30x_hd.o(.text)
    FMC_IRQHandler                           0x08000163   Thumb Code     0  startup_gd32f30x_hd.o(.text)
    I2C0_ER_IRQHandler                       0x08000163   Thumb Code     0  startup_gd32f30x_hd.o(.text)
    I2C0_EV_IRQHandler                       0x08000163   Thumb Code     0  startup_gd32f30x_hd.o(.text)
    I2C1_ER_IRQHandler                       0x08000163   Thumb Code     0  startup_gd32f30x_hd.o(.text)
    I2C1_EV_IRQHandler                       0x08000163   Thumb Code     0  startup_gd32f30x_hd.o(.text)
    LVD_IRQHandler                           0x08000163   Thumb Code     0  startup_gd32f30x_hd.o(.text)
    RCU_CTC_IRQHandler                       0x08000163   Thumb Code     0  startup_gd32f30x_hd.o(.text)
    RTC_Alarm_IRQHandler                     0x08000163   Thumb Code     0  startup_gd32f30x_hd.o(.text)
    RTC_IRQHandler                           0x08000163   Thumb Code     0  startup_gd32f30x_hd.o(.text)
    SDIO_IRQHandler                          0x08000163   Thumb Code     0  startup_gd32f30x_hd.o(.text)
    SPI0_IRQHandler                          0x08000163   Thumb Code     0  startup_gd32f30x_hd.o(.text)
    SPI1_IRQHandler                          0x08000163   Thumb Code     0  startup_gd32f30x_hd.o(.text)
    SPI2_IRQHandler                          0x08000163   Thumb Code     0  startup_gd32f30x_hd.o(.text)
    TAMPER_IRQHandler                        0x08000163   Thumb Code     0  startup_gd32f30x_hd.o(.text)
    TIMER0_BRK_IRQHandler                    0x08000163   Thumb Code     0  startup_gd32f30x_hd.o(.text)
    TIMER0_Channel_IRQHandler                0x08000163   Thumb Code     0  startup_gd32f30x_hd.o(.text)
    TIMER0_TRG_CMT_IRQHandler                0x08000163   Thumb Code     0  startup_gd32f30x_hd.o(.text)
    TIMER0_UP_IRQHandler                     0x08000163   Thumb Code     0  startup_gd32f30x_hd.o(.text)
    TIMER1_IRQHandler                        0x08000163   Thumb Code     0  startup_gd32f30x_hd.o(.text)
    TIMER2_IRQHandler                        0x08000163   Thumb Code     0  startup_gd32f30x_hd.o(.text)
    TIMER3_IRQHandler                        0x08000163   Thumb Code     0  startup_gd32f30x_hd.o(.text)
    TIMER4_IRQHandler                        0x08000163   Thumb Code     0  startup_gd32f30x_hd.o(.text)
    TIMER5_IRQHandler                        0x08000163   Thumb Code     0  startup_gd32f30x_hd.o(.text)
    TIMER6_IRQHandler                        0x08000163   Thumb Code     0  startup_gd32f30x_hd.o(.text)
    TIMER7_BRK_IRQHandler                    0x08000163   Thumb Code     0  startup_gd32f30x_hd.o(.text)
    TIMER7_Channel_IRQHandler                0x08000163   Thumb Code     0  startup_gd32f30x_hd.o(.text)
    TIMER7_TRG_CMT_IRQHandler                0x08000163   Thumb Code     0  startup_gd32f30x_hd.o(.text)
    TIMER7_UP_IRQHandler                     0x08000163   Thumb Code     0  startup_gd32f30x_hd.o(.text)
    UART3_IRQHandler                         0x08000163   Thumb Code     0  startup_gd32f30x_hd.o(.text)
    UART4_IRQHandler                         0x08000163   Thumb Code     0  startup_gd32f30x_hd.o(.text)
    USART0_IRQHandler                        0x08000163   Thumb Code     0  startup_gd32f30x_hd.o(.text)
    USART1_IRQHandler                        0x08000163   Thumb Code     0  startup_gd32f30x_hd.o(.text)
    USART2_IRQHandler                        0x08000163   Thumb Code     0  startup_gd32f30x_hd.o(.text)
    USBD_HP_CAN0_TX_IRQHandler               0x08000163   Thumb Code     0  startup_gd32f30x_hd.o(.text)
    USBD_LP_CAN0_RX0_IRQHandler              0x08000163   Thumb Code     0  startup_gd32f30x_hd.o(.text)
    USBD_WKUP_IRQHandler                     0x08000163   Thumb Code     0  startup_gd32f30x_hd.o(.text)
    WWDGT_IRQHandler                         0x08000163   Thumb Code     0  startup_gd32f30x_hd.o(.text)
    __aeabi_f2d                              0x0800016d   Thumb Code    38  f2d.o(.text)
    __aeabi_uidiv                            0x08000193   Thumb Code     0  uidiv.o(.text)
    __aeabi_uidivmod                         0x08000193   Thumb Code    44  uidiv.o(.text)
    __aeabi_uldivmod                         0x080001bf   Thumb Code    98  uldiv.o(.text)
    __I$use$fp                               0x08000221   Thumb Code     0  iusefp.o(.text)
    __aeabi_dadd                             0x08000221   Thumb Code   322  dadd.o(.text)
    __aeabi_dsub                             0x08000363   Thumb Code     6  dadd.o(.text)
    __aeabi_drsub                            0x08000369   Thumb Code     6  dadd.o(.text)
    __aeabi_dmul                             0x0800036f   Thumb Code   228  dmul.o(.text)
    __aeabi_ddiv                             0x08000453   Thumb Code   222  ddiv.o(.text)
    __aeabi_d2ulz                            0x08000531   Thumb Code    48  dfixul.o(.text)
    __aeabi_cdrcmple                         0x08000561   Thumb Code    48  cdrcmple.o(.text)
    __scatterload                            0x08000591   Thumb Code    28  init.o(.text)
    __scatterload_rt2                        0x08000591   Thumb Code     0  init.o(.text)
    __aeabi_llsl                             0x080005b5   Thumb Code    30  llshl.o(.text)
    _ll_shift_l                              0x080005b5   Thumb Code     0  llshl.o(.text)
    __aeabi_llsr                             0x080005d3   Thumb Code    32  llushr.o(.text)
    _ll_ushift_r                             0x080005d3   Thumb Code     0  llushr.o(.text)
    __aeabi_lasr                             0x080005f3   Thumb Code    36  llsshr.o(.text)
    _ll_sshift_r                             0x080005f3   Thumb Code     0  llsshr.o(.text)
    _double_round                            0x08000617   Thumb Code    30  depilogue.o(.text)
    _double_epilogue                         0x08000635   Thumb Code   156  depilogue.o(.text)
    ADC0_1_IRQHandler                        0x080006d1   Thumb Code    44  gd32f30x_it.o(i.ADC0_1_IRQHandler)
    BusFault_Handler                         0x08000705   Thumb Code     2  gd32f30x_it.o(i.BusFault_Handler)
    DebugMon_Handler                         0x08000707   Thumb Code     2  gd32f30x_it.o(i.DebugMon_Handler)
    Drv8323_ReadData                         0x08000709   Thumb Code    96  bsp_drv8323rs.o(i.Drv8323_ReadData)
    EXTI10_15_IRQHandler                     0x08000775   Thumb Code    38  gd32f30x_it.o(i.EXTI10_15_IRQHandler)
    HardFault_Handler                        0x080007c9   Thumb Code     2  gd32f30x_it.o(i.HardFault_Handler)
    MI_FOC_initialize                        0x080007cd   Thumb Code    12  mi_foc.o(i.MI_FOC_initialize)
    MemManage_Handler                        0x080007dd   Thumb Code     2  gd32f30x_it.o(i.MemManage_Handler)
    NMI_Handler                              0x080007df   Thumb Code     2  gd32f30x_it.o(i.NMI_Handler)
    PendSV_Handler                           0x08000801   Thumb Code     2  gd32f30x_it.o(i.PendSV_Handler)
    Report_Drv8323_FaultInfo                 0x08000805   Thumb Code    70  main.o(i.Report_Drv8323_FaultInfo)
    SVC_Handler                              0x08000871   Thumb Code     2  gd32f30x_it.o(i.SVC_Handler)
    SysTick_Handler                          0x08000873   Thumb Code     4  gd32f30x_it.o(i.SysTick_Handler)
    SystemInit                               0x08000879   Thumb Code   118  system_gd32f30x.o(i.SystemInit)
    UsageFault_Handler                       0x080008fd   Thumb Code     2  gd32f30x_it.o(i.UsageFault_Handler)
    __0printf                                0x08000901   Thumb Code    22  printfa.o(i.__0printf)
    __1printf                                0x08000901   Thumb Code     0  printfa.o(i.__0printf)
    __2printf                                0x08000901   Thumb Code     0  printfa.o(i.__0printf)
    __c89printf                              0x08000901   Thumb Code     0  printfa.o(i.__0printf)
    printf                                   0x08000901   Thumb Code     0  printfa.o(i.__0printf)
    __scatterload_copy                       0x08000921   Thumb Code    14  handlers.o(i.__scatterload_copy)
    __scatterload_null                       0x0800092f   Thumb Code     2  handlers.o(i.__scatterload_null)
    __scatterload_zeroinit                   0x08000931   Thumb Code    14  handlers.o(i.__scatterload_zeroinit)
    adc_calibration_enable                   0x080011cb   Thumb Code    30  gd32f30x_adc.o(i.adc_calibration_enable)
    adc_channel_length_config                0x080011e9   Thumb Code    58  gd32f30x_adc.o(i.adc_channel_length_config)
    adc_config                               0x08001225   Thumb Code   228  bsp_adcsample.o(i.adc_config)
    adc_data_alignment_config                0x08001315   Thumb Code    24  gd32f30x_adc.o(i.adc_data_alignment_config)
    adc_enable                               0x0800132d   Thumb Code    16  gd32f30x_adc.o(i.adc_enable)
    adc_external_trigger_config              0x0800133d   Thumb Code    56  gd32f30x_adc.o(i.adc_external_trigger_config)
    adc_external_trigger_source_config       0x08001375   Thumb Code    40  gd32f30x_adc.o(i.adc_external_trigger_source_config)
    adc_inserted_channel_config              0x0800139d   Thumb Code    80  gd32f30x_adc.o(i.adc_inserted_channel_config)
    adc_interrupt_enable                     0x080013ed   Thumb Code    38  gd32f30x_adc.o(i.adc_interrupt_enable)
    adc_interrupt_flag_clear                 0x08001413   Thumb Code     8  gd32f30x_adc.o(i.adc_interrupt_flag_clear)
    adc_mode_config                          0x0800141d   Thumb Code    18  gd32f30x_adc.o(i.adc_mode_config)
    adc_special_function_config              0x08001435   Thumb Code    80  gd32f30x_adc.o(i.adc_special_function_config)
    delay_1ms                                0x08001485   Thumb Code    12  systick.o(i.delay_1ms)
    delay_decrement                          0x08001495   Thumb Code    16  systick.o(i.delay_decrement)
    exti_interrupt_flag_clear                0x080014a9   Thumb Code     6  gd32f30x_exti.o(i.exti_interrupt_flag_clear)
    exti_interrupt_flag_get                  0x080014b5   Thumb Code    28  gd32f30x_exti.o(i.exti_interrupt_flag_get)
    fputc                                    0x080014d5   Thumb Code    30  main.o(i.fputc)
    gd_eval_com_init                         0x080014f9   Thumb Code   128  gd32f307c_eval.o(i.gd_eval_com_init)
    gd_eval_led_init                         0x08001585   Thumb Code    50  gd32f307c_eval.o(i.gd_eval_led_init)
    gd_eval_led_toggle                       0x080015bd   Thumb Code    44  gd32f307c_eval.o(i.gd_eval_led_toggle)
    gpio_bit_reset                           0x080015ed   Thumb Code     4  gd32f30x_gpio.o(i.gpio_bit_reset)
    gpio_bit_set                             0x080015f1   Thumb Code     4  gd32f30x_gpio.o(i.gpio_bit_set)
    gpio_bit_write                           0x080015f5   Thumb Code    12  gd32f30x_gpio.o(i.gpio_bit_write)
    gpio_init                                0x08001601   Thumb Code   164  gd32f30x_gpio.o(i.gpio_init)
    gpio_input_bit_get                       0x080016a5   Thumb Code    14  gd32f30x_gpio.o(i.gpio_input_bit_get)
    gpio_pin_remap_config                    0x080016b5   Thumb Code    86  gd32f30x_gpio.o(i.gpio_pin_remap_config)
    main                                     0x08001711   Thumb Code   174  main.o(i.main)
    nvic_irq_enable                          0x080017f5   Thumb Code   150  gd32f30x_misc.o(i.nvic_irq_enable)
    nvic_priority_group_set                  0x08001891   Thumb Code    10  gd32f30x_misc.o(i.nvic_priority_group_set)
    rcu_adc_clock_config                     0x080018a5   Thumb Code    74  gd32f30x_rcu.o(i.rcu_adc_clock_config)
    rcu_clock_freq_get                       0x080018f9   Thumb Code   226  gd32f30x_rcu.o(i.rcu_clock_freq_get)
    rcu_periph_clock_enable                  0x080019f9   Thumb Code    22  gd32f30x_rcu.o(i.rcu_periph_clock_enable)
    rcu_periph_reset_disable                 0x08001a15   Thumb Code    22  gd32f30x_rcu.o(i.rcu_periph_reset_disable)
    rcu_periph_reset_enable                  0x08001a31   Thumb Code    22  gd32f30x_rcu.o(i.rcu_periph_reset_enable)
    spi1_config                              0x08001a4d   Thumb Code   140  bsp_drv8323rs.o(i.spi1_config)
    spi_config                               0x08001ae5   Thumb Code   140  bsp_as5740p.o(i.spi_config)
    spi_enable                               0x08001b85   Thumb Code    10  gd32f30x_spi.o(i.spi_enable)
    spi_i2s_data_receive                     0x08001b8f   Thumb Code     6  gd32f30x_spi.o(i.spi_i2s_data_receive)
    spi_i2s_data_transmit                    0x08001b95   Thumb Code     4  gd32f30x_spi.o(i.spi_i2s_data_transmit)
    spi_i2s_flag_get                         0x08001b99   Thumb Code    14  gd32f30x_spi.o(i.spi_i2s_flag_get)
    spi_init                                 0x08001ba7   Thumb Code    46  gd32f30x_spi.o(i.spi_init)
    systick_config                           0x08001c95   Thumb Code    70  systick.o(i.systick_config)
    timer_auto_reload_shadow_enable          0x08001ce1   Thumb Code    10  gd32f30x_timer.o(i.timer_auto_reload_shadow_enable)
    timer_channel_output_config              0x08001ced   Thumb Code   464  gd32f30x_timer.o(i.timer_channel_output_config)
    timer_channel_output_mode_config         0x08001ec5   Thumb Code    84  gd32f30x_timer.o(i.timer_channel_output_mode_config)
    timer_channel_output_pulse_value_config  0x08001f19   Thumb Code    32  gd32f30x_timer.o(i.timer_channel_output_pulse_value_config)
    timer_channel_output_shadow_config       0x08001f39   Thumb Code    84  gd32f30x_timer.o(i.timer_channel_output_shadow_config)
    timer_channel_output_struct_para_init    0x08001f8d   Thumb Code    16  gd32f30x_timer.o(i.timer_channel_output_struct_para_init)
    timer_config                             0x08001f9d   Thumb Code   328  bsp_motorpwm.o(i.timer_config)
    timer_deinit                             0x080020ed   Thumb Code   210  gd32f30x_timer.o(i.timer_deinit)
    timer_enable                             0x080021c9   Thumb Code    10  gd32f30x_timer.o(i.timer_enable)
    timer_init                               0x080021d5   Thumb Code   120  gd32f30x_timer.o(i.timer_init)
    timer_primary_output_config              0x08002269   Thumb Code    24  gd32f30x_timer.o(i.timer_primary_output_config)
    usart_baudrate_set                       0x08002281   Thumb Code   102  gd32f30x_usart.o(i.usart_baudrate_set)
    usart_data_transmit                      0x080022f1   Thumb Code     8  gd32f30x_usart.o(i.usart_data_transmit)
    usart_deinit                             0x080022f9   Thumb Code   136  gd32f30x_usart.o(i.usart_deinit)
    usart_enable                             0x08002389   Thumb Code    10  gd32f30x_usart.o(i.usart_enable)
    usart_flag_get                           0x08002393   Thumb Code    26  gd32f30x_usart.o(i.usart_flag_get)
    usart_receive_config                     0x080023ad   Thumb Code    12  gd32f30x_usart.o(i.usart_receive_config)
    usart_transmit_config                    0x080023b9   Thumb Code    12  gd32f30x_usart.o(i.usart_transmit_config)
    Region$$Table$$Base                      0x080023c4   Number         0  anon$$obj.o(Region$$Table)
    Region$$Table$$Limit                     0x080023e4   Number         0  anon$$obj.o(Region$$Table)
    SystemCoreClock                          0x20000010   Data           4  system_gd32f30x.o(.data)
    Drv8323_FaultInfo                        0x20000090   Data           4  bsp_drv8323rs.o(.data)
    Current_FaultInfo                        0x20000094   Data           4  bsp_drv8323rs.o(.data)
    ErrCode                                  0x20000098   Data           1  bsp_drv8323rs.o(.data)
    DRI_CTL_DATA                             0x2000009e   Data           2  bsp_drv8323rs.o(.data)
    GATE_HS_DATA                             0x200000a0   Data           2  bsp_drv8323rs.o(.data)
    GATE_LS_DATA                             0x200000a2   Data           2  bsp_drv8323rs.o(.data)
    OCP_CTL_DATA                             0x200000a4   Data           2  bsp_drv8323rs.o(.data)
    OSA_CTL_DATA                             0x200000a6   Data           2  bsp_drv8323rs.o(.data)
    rtDW                                     0x200000a8   Data           4  mi_foc.o(.data)
    AntiPark_Vol                             0x200000ac   Data           8  mi_foc.o(.data)
    ClarkeCur                                0x200000b4   Data           8  mi_foc.o(.data)
    Park_Cur                                 0x200000bc   Data           8  mi_foc.o(.data)
    __stdout                                 0x200000c4   Data           4  stdout.o(.data)
    FOC_Input_VolCur                         0x200000c8   Data          16  mi_foc.o(.bss)
    Rotor_Pos                                0x200000d8   Data          12  mi_foc.o(.bss)
    SVPWM_OutCmp                             0x200000e4   Data          16  mi_foc.o(.bss)
    __initial_sp                             0x200004f8   Data           0  startup_gd32f30x_hd.o(STACK)



==============================================================================

Memory Map of the image

  Image Entry point : 0x08000131

  Load Region LR_IROM1 (Base: 0x08000000, Size: 0x000024ac, Max: 0x00080000, ABSOLUTE)

    Execution Region ER_IROM1 (Exec base: 0x08000000, Load base: 0x08000000, Size: 0x000023e4, Max: 0x00080000, ABSOLUTE)

    Exec Addr    Load Addr    Size         Type   Attr      Idx    E Section Name        Object

    0x08000000   0x08000000   0x00000130   Data   RO         4253    RESET               startup_gd32f30x_hd.o
    0x08000130   0x08000130   0x00000000   Code   RO         4700  * .ARM.Collect$$$$00000000  mc_w.l(entry.o)
    0x08000130   0x08000130   0x00000004   Code   RO         4966    .ARM.Collect$$$$00000001  mc_w.l(entry2.o)
    0x08000134   0x08000134   0x00000004   Code   RO         4969    .ARM.Collect$$$$00000004  mc_w.l(entry5.o)
    0x08000138   0x08000138   0x00000000   Code   RO         4971    .ARM.Collect$$$$00000008  mc_w.l(entry7b.o)
    0x08000138   0x08000138   0x00000000   Code   RO         4973    .ARM.Collect$$$$0000000A  mc_w.l(entry8b.o)
    0x08000138   0x08000138   0x00000008   Code   RO         4974    .ARM.Collect$$$$0000000B  mc_w.l(entry9a.o)
    0x08000140   0x08000140   0x00000004   Code   RO         4981    .ARM.Collect$$$$0000000E  mc_w.l(entry12b.o)
    0x08000144   0x08000144   0x00000000   Code   RO         4976    .ARM.Collect$$$$0000000F  mc_w.l(entry10a.o)
    0x08000144   0x08000144   0x00000000   Code   RO         4978    .ARM.Collect$$$$00000011  mc_w.l(entry11a.o)
    0x08000144   0x08000144   0x00000004   Code   RO         4967    .ARM.Collect$$$$00002712  mc_w.l(entry2.o)
    0x08000148   0x08000148   0x00000024   Code   RO         4254    .text               startup_gd32f30x_hd.o
    0x0800016c   0x0800016c   0x00000026   Code   RO         4964    .text               mf_w.l(f2d.o)
    0x08000192   0x08000192   0x0000002c   Code   RO         4983    .text               mc_w.l(uidiv.o)
    0x080001be   0x080001be   0x00000062   Code   RO         4985    .text               mc_w.l(uldiv.o)
    0x08000220   0x08000220   0x00000000   Code   RO         4987    .text               mc_w.l(iusefp.o)
    0x08000220   0x08000220   0x0000014e   Code   RO         4988    .text               mf_w.l(dadd.o)
    0x0800036e   0x0800036e   0x000000e4   Code   RO         4990    .text               mf_w.l(dmul.o)
    0x08000452   0x08000452   0x000000de   Code   RO         4992    .text               mf_w.l(ddiv.o)
    0x08000530   0x08000530   0x00000030   Code   RO         4994    .text               mf_w.l(dfixul.o)
    0x08000560   0x08000560   0x00000030   Code   RO         4996    .text               mf_w.l(cdrcmple.o)
    0x08000590   0x08000590   0x00000024   Code   RO         4998    .text               mc_w.l(init.o)
    0x080005b4   0x080005b4   0x0000001e   Code   RO         5000    .text               mc_w.l(llshl.o)
    0x080005d2   0x080005d2   0x00000020   Code   RO         5002    .text               mc_w.l(llushr.o)
    0x080005f2   0x080005f2   0x00000024   Code   RO         5004    .text               mc_w.l(llsshr.o)
    0x08000616   0x08000616   0x000000ba   Code   RO         5006    .text               mf_w.l(depilogue.o)
    0x080006d0   0x080006d0   0x00000034   Code   RO            3    i.ADC0_1_IRQHandler  gd32f30x_it.o
    0x08000704   0x08000704   0x00000002   Code   RO            4    i.BusFault_Handler  gd32f30x_it.o
    0x08000706   0x08000706   0x00000002   Code   RO            5    i.DebugMon_Handler  gd32f30x_it.o
    0x08000708   0x08000708   0x0000006c   Code   RO         4373    i.Drv8323_ReadData  bsp_drv8323rs.o
    0x08000774   0x08000774   0x00000026   Code   RO            6    i.EXTI10_15_IRQHandler  gd32f30x_it.o
    0x0800079a   0x0800079a   0x00000002   PAD
    0x0800079c   0x0800079c   0x0000002c   Code   RO         4375    i.GenCmd_drv        bsp_drv8323rs.o
    0x080007c8   0x080007c8   0x00000002   Code   RO            7    i.HardFault_Handler  gd32f30x_it.o
    0x080007ca   0x080007ca   0x00000002   PAD
    0x080007cc   0x080007cc   0x00000010   Code   RO         4479    i.MI_FOC_initialize  mi_foc.o
    0x080007dc   0x080007dc   0x00000002   Code   RO            8    i.MemManage_Handler  gd32f30x_it.o
    0x080007de   0x080007de   0x00000002   Code   RO            9    i.NMI_Handler       gd32f30x_it.o
    0x080007e0   0x080007e0   0x00000020   Code   RO          277    i.NVIC_SetPriority  systick.o
    0x08000800   0x08000800   0x00000002   Code   RO           10    i.PendSV_Handler    gd32f30x_it.o
    0x08000802   0x08000802   0x00000002   PAD
    0x08000804   0x08000804   0x0000006c   Code   RO          219    i.Report_Drv8323_FaultInfo  main.o
    0x08000870   0x08000870   0x00000002   Code   RO           11    i.SVC_Handler       gd32f30x_it.o
    0x08000872   0x08000872   0x00000004   Code   RO           12    i.SysTick_Handler   gd32f30x_it.o
    0x08000876   0x08000876   0x00000002   PAD
    0x08000878   0x08000878   0x00000084   Code   RO          321    i.SystemInit        system_gd32f30x.o
    0x080008fc   0x080008fc   0x00000002   Code   RO           13    i.UsageFault_Handler  gd32f30x_it.o
    0x080008fe   0x080008fe   0x00000002   PAD
    0x08000900   0x08000900   0x00000020   Code   RO         4936    i.__0printf         mc_w.l(printfa.o)
    0x08000920   0x08000920   0x0000000e   Code   RO         5010    i.__scatterload_copy  mc_w.l(handlers.o)
    0x0800092e   0x0800092e   0x00000002   Code   RO         5011    i.__scatterload_null  mc_w.l(handlers.o)
    0x08000930   0x08000930   0x0000000e   Code   RO         5012    i.__scatterload_zeroinit  mc_w.l(handlers.o)
    0x0800093e   0x0800093e   0x00000002   PAD
    0x08000940   0x08000940   0x00000184   Code   RO         4943    i._fp_digits        mc_w.l(printfa.o)
    0x08000ac4   0x08000ac4   0x000006b4   Code   RO         4944    i._printf_core      mc_w.l(printfa.o)
    0x08001178   0x08001178   0x00000024   Code   RO         4945    i._printf_post_padding  mc_w.l(printfa.o)
    0x0800119c   0x0800119c   0x0000002e   Code   RO         4946    i._printf_pre_padding  mc_w.l(printfa.o)
    0x080011ca   0x080011ca   0x0000001e   Code   RO          362    i.adc_calibration_enable  gd32f30x_adc.o
    0x080011e8   0x080011e8   0x0000003a   Code   RO          363    i.adc_channel_length_config  gd32f30x_adc.o
    0x08001222   0x08001222   0x00000002   PAD
    0x08001224   0x08001224   0x000000f0   Code   RO         4448    i.adc_config        bsp_adcsample.o
    0x08001314   0x08001314   0x00000018   Code   RO          364    i.adc_data_alignment_config  gd32f30x_adc.o
    0x0800132c   0x0800132c   0x00000010   Code   RO          370    i.adc_enable        gd32f30x_adc.o
    0x0800133c   0x0800133c   0x00000038   Code   RO          371    i.adc_external_trigger_config  gd32f30x_adc.o
    0x08001374   0x08001374   0x00000028   Code   RO          372    i.adc_external_trigger_source_config  gd32f30x_adc.o
    0x0800139c   0x0800139c   0x00000050   Code   RO          375    i.adc_inserted_channel_config  gd32f30x_adc.o
    0x080013ec   0x080013ec   0x00000026   Code   RO          379    i.adc_interrupt_enable  gd32f30x_adc.o
    0x08001412   0x08001412   0x00000008   Code   RO          380    i.adc_interrupt_flag_clear  gd32f30x_adc.o
    0x0800141a   0x0800141a   0x00000002   PAD
    0x0800141c   0x0800141c   0x00000018   Code   RO          382    i.adc_mode_config   gd32f30x_adc.o
    0x08001434   0x08001434   0x00000050   Code   RO          390    i.adc_special_function_config  gd32f30x_adc.o
    0x08001484   0x08001484   0x00000010   Code   RO          278    i.delay_1ms         systick.o
    0x08001494   0x08001494   0x00000014   Code   RO          279    i.delay_decrement   systick.o
    0x080014a8   0x080014a8   0x0000000c   Code   RO         1688    i.exti_interrupt_flag_clear  gd32f30x_exti.o
    0x080014b4   0x080014b4   0x00000020   Code   RO         1689    i.exti_interrupt_flag_get  gd32f30x_exti.o
    0x080014d4   0x080014d4   0x00000024   Code   RO          220    i.fputc             main.o
    0x080014f8   0x080014f8   0x0000008c   Code   RO         4260    i.gd_eval_com_init  gd32f307c_eval.o
    0x08001584   0x08001584   0x00000038   Code   RO         4263    i.gd_eval_led_init  gd32f307c_eval.o
    0x080015bc   0x080015bc   0x00000030   Code   RO         4266    i.gd_eval_led_toggle  gd32f307c_eval.o
    0x080015ec   0x080015ec   0x00000004   Code   RO         2041    i.gpio_bit_reset    gd32f30x_gpio.o
    0x080015f0   0x080015f0   0x00000004   Code   RO         2042    i.gpio_bit_set      gd32f30x_gpio.o
    0x080015f4   0x080015f4   0x0000000c   Code   RO         2043    i.gpio_bit_write    gd32f30x_gpio.o
    0x08001600   0x08001600   0x000000a4   Code   RO         2051    i.gpio_init         gd32f30x_gpio.o
    0x080016a4   0x080016a4   0x0000000e   Code   RO         2052    i.gpio_input_bit_get  gd32f30x_gpio.o
    0x080016b2   0x080016b2   0x00000002   PAD
    0x080016b4   0x080016b4   0x0000005c   Code   RO         2057    i.gpio_pin_remap_config  gd32f30x_gpio.o
    0x08001710   0x08001710   0x000000e4   Code   RO          222    i.main              main.o
    0x080017f4   0x080017f4   0x0000009c   Code   RO         2369    i.nvic_irq_enable   gd32f30x_misc.o
    0x08001890   0x08001890   0x00000014   Code   RO         2370    i.nvic_priority_group_set  gd32f30x_misc.o
    0x080018a4   0x080018a4   0x00000054   Code   RO         2559    i.rcu_adc_clock_config  gd32f30x_rcu.o
    0x080018f8   0x080018f8   0x00000100   Code   RO         2568    i.rcu_clock_freq_get  gd32f30x_rcu.o
    0x080019f8   0x080019f8   0x0000001c   Code   RO         2586    i.rcu_periph_clock_enable  gd32f30x_rcu.o
    0x08001a14   0x08001a14   0x0000001c   Code   RO         2589    i.rcu_periph_reset_disable  gd32f30x_rcu.o
    0x08001a30   0x08001a30   0x0000001c   Code   RO         2590    i.rcu_periph_reset_enable  gd32f30x_rcu.o
    0x08001a4c   0x08001a4c   0x00000098   Code   RO         4376    i.spi1_config       bsp_drv8323rs.o
    0x08001ae4   0x08001ae4   0x000000a0   Code   RO         4329    i.spi_config        bsp_as5740p.o
    0x08001b84   0x08001b84   0x0000000a   Code   RO         3210    i.spi_enable        gd32f30x_spi.o
    0x08001b8e   0x08001b8e   0x00000006   Code   RO         3212    i.spi_i2s_data_receive  gd32f30x_spi.o
    0x08001b94   0x08001b94   0x00000004   Code   RO         3213    i.spi_i2s_data_transmit  gd32f30x_spi.o
    0x08001b98   0x08001b98   0x0000000e   Code   RO         3215    i.spi_i2s_flag_get  gd32f30x_spi.o
    0x08001ba6   0x08001ba6   0x0000002e   Code   RO         3219    i.spi_init          gd32f30x_spi.o
    0x08001bd4   0x08001bd4   0x000000bc   Code   RO          322    i.system_clock_120m_hxtal  system_gd32f30x.o
    0x08001c90   0x08001c90   0x00000004   Code   RO          323    i.system_clock_config  system_gd32f30x.o
    0x08001c94   0x08001c94   0x0000004c   Code   RO          280    i.systick_config    systick.o
    0x08001ce0   0x08001ce0   0x0000000a   Code   RO         3444    i.timer_auto_reload_shadow_enable  gd32f30x_timer.o
    0x08001cea   0x08001cea   0x00000002   PAD
    0x08001cec   0x08001cec   0x000001d8   Code   RO         3461    i.timer_channel_output_config  gd32f30x_timer.o
    0x08001ec4   0x08001ec4   0x00000054   Code   RO         3463    i.timer_channel_output_mode_config  gd32f30x_timer.o
    0x08001f18   0x08001f18   0x00000020   Code   RO         3465    i.timer_channel_output_pulse_value_config  gd32f30x_timer.o
    0x08001f38   0x08001f38   0x00000054   Code   RO         3466    i.timer_channel_output_shadow_config  gd32f30x_timer.o
    0x08001f8c   0x08001f8c   0x00000010   Code   RO         3468    i.timer_channel_output_struct_para_init  gd32f30x_timer.o
    0x08001f9c   0x08001f9c   0x00000150   Code   RO         4428    i.timer_config      bsp_motorpwm.o
    0x080020ec   0x080020ec   0x000000dc   Code   RO         3474    i.timer_deinit      gd32f30x_timer.o
    0x080021c8   0x080021c8   0x0000000a   Code   RO         3479    i.timer_enable      gd32f30x_timer.o
    0x080021d2   0x080021d2   0x00000002   PAD
    0x080021d4   0x080021d4   0x00000094   Code   RO         3489    i.timer_init        gd32f30x_timer.o
    0x08002268   0x08002268   0x00000018   Code   RO         3504    i.timer_primary_output_config  gd32f30x_timer.o
    0x08002280   0x08002280   0x00000070   Code   RO         3884    i.usart_baudrate_set  gd32f30x_usart.o
    0x080022f0   0x080022f0   0x00000008   Code   RO         3888    i.usart_data_transmit  gd32f30x_usart.o
    0x080022f8   0x080022f8   0x00000090   Code   RO         3889    i.usart_deinit      gd32f30x_usart.o
    0x08002388   0x08002388   0x0000000a   Code   RO         3893    i.usart_enable      gd32f30x_usart.o
    0x08002392   0x08002392   0x0000001a   Code   RO         3895    i.usart_flag_get    gd32f30x_usart.o
    0x080023ac   0x080023ac   0x0000000c   Code   RO         3917    i.usart_receive_config  gd32f30x_usart.o
    0x080023b8   0x080023b8   0x0000000c   Code   RO         3931    i.usart_transmit_config  gd32f30x_usart.o
    0x080023c4   0x080023c4   0x00000020   Data   RO         5008    Region$$Table       anon$$obj.o


    Execution Region RW_IRAM1 (Exec base: 0x20000000, Load base: 0x080023e4, Size: 0x000004f8, Max: 0x00010000, ABSOLUTE)

    Exec Addr    Load Addr    Size         Type   Attr      Idx    E Section Name        Object

    0x20000000   0x080023e4   0x00000002   Data   RW           14    .data               gd32f30x_it.o
    0x20000002   0x080023e6   0x00000002   PAD
    0x20000004   0x080023e8   0x00000008   Data   RW          223    .data               main.o
    0x2000000c   0x080023f0   0x00000004   Data   RW          281    .data               systick.o
    0x20000010   0x080023f4   0x00000004   Data   RW          324    .data               system_gd32f30x.o
    0x20000014   0x080023f8   0x0000007c   Data   RW         4267    .data               gd32f307c_eval.o
    0x20000090   0x08002474   0x00000004   Data   RW         4377    .data               bsp_drv8323rs.o
    0x20000094   0x08002478   0x00000004   Data   RW         4378    .data               bsp_drv8323rs.o
    0x20000098   0x0800247c   0x00000001   Data   RW         4379    .data               bsp_drv8323rs.o
    0x20000099   0x0800247d   0x00000001   PAD
    0x2000009a   0x0800247e   0x0000000e   Data   RW         4380    .data               bsp_drv8323rs.o
    0x200000a8   0x0800248c   0x0000001c   Data   RW         4486    .data               mi_foc.o
    0x200000c4   0x080024a8   0x00000004   Data   RW         4982    .data               mc_w.l(stdout.o)
    0x200000c8        -       0x0000002c   Zero   RW         4484    .bss                mi_foc.o
    0x200000f4   0x080024ac   0x00000004   PAD
    0x200000f8        -       0x00000400   Zero   RW         4251    STACK               startup_gd32f30x_hd.o


==============================================================================

Image component sizes


      Code (inc. data)   RO Data    RW Data    ZI Data      Debug   Object Name

       240         12          0          0          0        613   bsp_adcsample.o
       160         20          0          0          0        625   bsp_as5740p.o
       304         30          0         23          0       5468   bsp_drv8323rs.o
       336          8          0          0          0        743   bsp_motorpwm.o
       244         22          0        124          0       4962   gd32f307c_eval.o
       454          6          0          0          0       7209   gd32f30x_adc.o
        44         10          0          0          0       1262   gd32f30x_exti.o
       290          6          0          0          0       4250   gd32f30x_gpio.o
       110          8          0          2          0      75525   gd32f30x_it.o
       176         16          0          0          0       1420   gd32f30x_misc.o
       424         70          0          0          0       3875   gd32f30x_rcu.o
        80          0          0          0          0       3646   gd32f30x_spi.o
      1100         46          0          0          0       7359   gd32f30x_timer.o
       324         18          0          0          0       4529   gd32f30x_usart.o
       372         98          0          8          0       3878   main.o
        16          4          0         28         44       2367   mi_foc.o
        36          8        304          0       1024        848   startup_gd32f30x_hd.o
       324         32          0          4          0       2643   system_gd32f30x.o
       144         14          0          4          0      29038   systick.o

    ----------------------------------------------------------------------
      5198        428        336        196       1072     160260   Object Totals
         0          0         32          0          0          0   (incl. Generated)
        20          0          0          3          4          0   (incl. Padding)

    ----------------------------------------------------------------------

      Code (inc. data)   RO Data    RW Data    ZI Data      Debug   Library Member Name

         0          0          0          0          0          0   entry.o
         0          0          0          0          0          0   entry10a.o
         0          0          0          0          0          0   entry11a.o
         4          0          0          0          0          0   entry12b.o
         8          4          0          0          0          0   entry2.o
         4          0          0          0          0          0   entry5.o
         0          0          0          0          0          0   entry7b.o
         0          0          0          0          0          0   entry8b.o
         8          4          0          0          0          0   entry9a.o
        30          0          0          0          0          0   handlers.o
        36          8          0          0          0         68   init.o
         0          0          0          0          0          0   iusefp.o
        30          0          0          0          0         68   llshl.o
        36          0          0          0          0         68   llsshr.o
        32          0          0          0          0         68   llushr.o
      2218         90          0          0          0        464   printfa.o
         0          0          0          4          0          0   stdout.o
        44          0          0          0          0         80   uidiv.o
        98          0          0          0          0         92   uldiv.o
        48          0          0          0          0         68   cdrcmple.o
       334          0          0          0          0        148   dadd.o
       222          0          0          0          0        100   ddiv.o
       186          0          0          0          0        176   depilogue.o
        48          0          0          0          0         68   dfixul.o
       228          0          0          0          0         96   dmul.o
        38          0          0          0          0         68   f2d.o

    ----------------------------------------------------------------------
      3654        106          0          4          0       1632   Library Totals
         2          0          0          0          0          0   (incl. Padding)

    ----------------------------------------------------------------------

      Code (inc. data)   RO Data    RW Data    ZI Data      Debug   Library Name

      2548        106          0          4          0        908   mc_w.l
      1104          0          0          0          0        724   mf_w.l

    ----------------------------------------------------------------------
      3654        106          0          4          0       1632   Library Totals

    ----------------------------------------------------------------------

==============================================================================


      Code (inc. data)   RO Data    RW Data    ZI Data      Debug   

      8852        534        336        200       1072     154116   Grand Totals
      8852        534        336        200       1072     154116   ELF Image Totals
      8852        534        336        200          0          0   ROM Totals

==============================================================================

    Total RO  Size (Code + RO Data)                 9188 (   8.97kB)
    Total RW  Size (RW Data + ZI Data)              1272 (   1.24kB)
    Total ROM Size (Code + RO Data + RW Data)       9388 (   9.17kB)

==============================================================================

